<?xml version="1.0"?>
<link_info>
   <banner>TI ARM Linker PC v5.2.5</banner>
   <copyright>Copyright (c) 1996-2015 Texas Instruments Incorporated</copyright>
   <link_time>0x573311dd</link_time>
   <link_errors>0x0</link_errors>
   <output_file>free_rtos_2task.out</output_file>
   <entry_point>
      <name>_c_int00</name>
      <address>0x1148c</address>
   </entry_point>
   <input_file_list>
      <input_file id="fl-2">
         <path>.\source\</path>
         <kind>object</kind>
         <file>can.obj</file>
         <name>can.obj</name>
      </input_file>
      <input_file id="fl-3">
         <path>.\source\</path>
         <kind>object</kind>
         <file>dabort.obj</file>
         <name>dabort.obj</name>
      </input_file>
      <input_file id="fl-4">
         <path>.\source\</path>
         <kind>object</kind>
         <file>esm.obj</file>
         <name>esm.obj</name>
      </input_file>
      <input_file id="fl-5">
         <path>.\source\</path>
         <kind>object</kind>
         <file>gio.obj</file>
         <name>gio.obj</name>
      </input_file>
      <input_file id="fl-6">
         <path>.\source\</path>
         <kind>object</kind>
         <file>notification.obj</file>
         <name>notification.obj</name>
      </input_file>
      <input_file id="fl-7">
         <path>.\source\</path>
         <kind>object</kind>
         <file>os_croutine.obj</file>
         <name>os_croutine.obj</name>
      </input_file>
      <input_file id="fl-8">
         <path>.\source\</path>
         <kind>object</kind>
         <file>os_event_groups.obj</file>
         <name>os_event_groups.obj</name>
      </input_file>
      <input_file id="fl-9">
         <path>.\source\</path>
         <kind>object</kind>
         <file>os_heap.obj</file>
         <name>os_heap.obj</name>
      </input_file>
      <input_file id="fl-a">
         <path>.\source\</path>
         <kind>object</kind>
         <file>os_list.obj</file>
         <name>os_list.obj</name>
      </input_file>
      <input_file id="fl-b">
         <path>.\source\</path>
         <kind>object</kind>
         <file>os_mpu_wrappers.obj</file>
         <name>os_mpu_wrappers.obj</name>
      </input_file>
      <input_file id="fl-c">
         <path>.\source\</path>
         <kind>object</kind>
         <file>os_port.obj</file>
         <name>os_port.obj</name>
      </input_file>
      <input_file id="fl-d">
         <path>.\source\</path>
         <kind>object</kind>
         <file>os_portasm.obj</file>
         <name>os_portasm.obj</name>
      </input_file>
      <input_file id="fl-e">
         <path>.\source\</path>
         <kind>object</kind>
         <file>os_queue.obj</file>
         <name>os_queue.obj</name>
      </input_file>
      <input_file id="fl-f">
         <path>.\source\</path>
         <kind>object</kind>
         <file>os_tasks.obj</file>
         <name>os_tasks.obj</name>
      </input_file>
      <input_file id="fl-10">
         <path>.\source\</path>
         <kind>object</kind>
         <file>os_timer.obj</file>
         <name>os_timer.obj</name>
      </input_file>
      <input_file id="fl-11">
         <path>.\source\</path>
         <kind>object</kind>
         <file>pinmux.obj</file>
         <name>pinmux.obj</name>
      </input_file>
      <input_file id="fl-12">
         <path>.\source\</path>
         <kind>object</kind>
         <file>sci.obj</file>
         <name>sci.obj</name>
      </input_file>
      <input_file id="fl-13">
         <path>.\source\</path>
         <kind>object</kind>
         <file>sys_core.obj</file>
         <name>sys_core.obj</name>
      </input_file>
      <input_file id="fl-14">
         <path>.\source\</path>
         <kind>object</kind>
         <file>sys_dma.obj</file>
         <name>sys_dma.obj</name>
      </input_file>
      <input_file id="fl-15">
         <path>.\source\</path>
         <kind>object</kind>
         <file>sys_intvecs.obj</file>
         <name>sys_intvecs.obj</name>
      </input_file>
      <input_file id="fl-16">
         <path>.\source\</path>
         <kind>object</kind>
         <file>sys_main.obj</file>
         <name>sys_main.obj</name>
      </input_file>
      <input_file id="fl-17">
         <path>.\source\</path>
         <kind>object</kind>
         <file>sys_mpu.obj</file>
         <name>sys_mpu.obj</name>
      </input_file>
      <input_file id="fl-18">
         <path>.\source\</path>
         <kind>object</kind>
         <file>sys_pcr.obj</file>
         <name>sys_pcr.obj</name>
      </input_file>
      <input_file id="fl-19">
         <path>.\source\</path>
         <kind>object</kind>
         <file>sys_phantom.obj</file>
         <name>sys_phantom.obj</name>
      </input_file>
      <input_file id="fl-1a">
         <path>.\source\</path>
         <kind>object</kind>
         <file>sys_pmm.obj</file>
         <name>sys_pmm.obj</name>
      </input_file>
      <input_file id="fl-1b">
         <path>.\source\</path>
         <kind>object</kind>
         <file>sys_pmu.obj</file>
         <name>sys_pmu.obj</name>
      </input_file>
      <input_file id="fl-1c">
         <path>.\source\</path>
         <kind>object</kind>
         <file>sys_selftest.obj</file>
         <name>sys_selftest.obj</name>
      </input_file>
      <input_file id="fl-1d">
         <path>.\source\</path>
         <kind>object</kind>
         <file>sys_startup.obj</file>
         <name>sys_startup.obj</name>
      </input_file>
      <input_file id="fl-1e">
         <path>.\source\</path>
         <kind>object</kind>
         <file>sys_vim.obj</file>
         <name>sys_vim.obj</name>
      </input_file>
      <input_file id="fl-1f">
         <path>.\source\</path>
         <kind>object</kind>
         <file>system.obj</file>
         <name>system.obj</name>
      </input_file>
      <input_file id="fl-24">
         <path>C:\ti\ccsv6\tools\compiler\ti-cgt-arm_5.2.5\lib\</path>
         <kind>archive</kind>
         <file>rtsv7R4_T_be_v3D16_eabi.lib</file>
         <name>atoi.obj</name>
      </input_file>
      <input_file id="fl-25">
         <path>C:\ti\ccsv6\tools\compiler\ti-cgt-arm_5.2.5\lib\</path>
         <kind>archive</kind>
         <file>rtsv7R4_T_be_v3D16_eabi.lib</file>
         <name>autoinit.obj</name>
      </input_file>
      <input_file id="fl-26">
         <path>C:\ti\ccsv6\tools\compiler\ti-cgt-arm_5.2.5\lib\</path>
         <kind>archive</kind>
         <file>rtsv7R4_T_be_v3D16_eabi.lib</file>
         <name>copy_decompress_none.obj</name>
      </input_file>
      <input_file id="fl-27">
         <path>C:\ti\ccsv6\tools\compiler\ti-cgt-arm_5.2.5\lib\</path>
         <kind>archive</kind>
         <file>rtsv7R4_T_be_v3D16_eabi.lib</file>
         <name>copy_decompress_rle.obj</name>
      </input_file>
      <input_file id="fl-28">
         <path>C:\ti\ccsv6\tools\compiler\ti-cgt-arm_5.2.5\lib\</path>
         <kind>archive</kind>
         <file>rtsv7R4_T_be_v3D16_eabi.lib</file>
         <name>copy_zero_init.obj</name>
      </input_file>
      <input_file id="fl-29">
         <path>C:\ti\ccsv6\tools\compiler\ti-cgt-arm_5.2.5\lib\</path>
         <kind>archive</kind>
         <file>rtsv7R4_T_be_v3D16_eabi.lib</file>
         <name>cpy_tbl.obj</name>
      </input_file>
      <input_file id="fl-2a">
         <path>C:\ti\ccsv6\tools\compiler\ti-cgt-arm_5.2.5\lib\</path>
         <kind>archive</kind>
         <file>rtsv7R4_T_be_v3D16_eabi.lib</file>
         <name>ctype.obj</name>
      </input_file>
      <input_file id="fl-2b">
         <path>C:\ti\ccsv6\tools\compiler\ti-cgt-arm_5.2.5\lib\</path>
         <kind>archive</kind>
         <file>rtsv7R4_T_be_v3D16_eabi.lib</file>
         <name>exit.obj</name>
      </input_file>
      <input_file id="fl-2c">
         <path>C:\ti\ccsv6\tools\compiler\ti-cgt-arm_5.2.5\lib\</path>
         <kind>archive</kind>
         <file>rtsv7R4_T_be_v3D16_eabi.lib</file>
         <name>memcpy_t2.obj</name>
      </input_file>
      <input_file id="fl-2d">
         <path>C:\ti\ccsv6\tools\compiler\ti-cgt-arm_5.2.5\lib\</path>
         <kind>archive</kind>
         <file>rtsv7R4_T_be_v3D16_eabi.lib</file>
         <name>memset_t2.obj</name>
      </input_file>
      <input_file id="fl-2e">
         <path>C:\ti\ccsv6\tools\compiler\ti-cgt-arm_5.2.5\lib\</path>
         <kind>archive</kind>
         <file>rtsv7R4_T_be_v3D16_eabi.lib</file>
         <name>snprintf.obj</name>
      </input_file>
      <input_file id="fl-2f">
         <path>C:\ti\ccsv6\tools\compiler\ti-cgt-arm_5.2.5\lib\</path>
         <kind>archive</kind>
         <file>rtsv7R4_T_be_v3D16_eabi.lib</file>
         <name>strncpy.obj</name>
      </input_file>
      <input_file id="fl-30">
         <path>C:\ti\ccsv6\tools\compiler\ti-cgt-arm_5.2.5\lib\</path>
         <kind>archive</kind>
         <file>rtsv7R4_T_be_v3D16_eabi.lib</file>
         <name>_lock.obj</name>
      </input_file>
      <input_file id="fl-31">
         <path>C:\ti\ccsv6\tools\compiler\ti-cgt-arm_5.2.5\lib\</path>
         <kind>archive</kind>
         <file>rtsv7R4_T_be_v3D16_eabi.lib</file>
         <name>_printfi.obj</name>
      </input_file>
      <input_file id="fl-32">
         <path>C:\ti\ccsv6\tools\compiler\ti-cgt-arm_5.2.5\lib\</path>
         <kind>archive</kind>
         <file>rtsv7R4_T_be_v3D16_eabi.lib</file>
         <name>frexp.obj</name>
      </input_file>
      <input_file id="fl-33">
         <path>C:\ti\ccsv6\tools\compiler\ti-cgt-arm_5.2.5\lib\</path>
         <kind>archive</kind>
         <file>rtsv7R4_T_be_v3D16_eabi.lib</file>
         <name>ldexp.obj</name>
      </input_file>
      <input_file id="fl-34">
         <path>C:\ti\ccsv6\tools\compiler\ti-cgt-arm_5.2.5\lib\</path>
         <kind>archive</kind>
         <file>rtsv7R4_T_be_v3D16_eabi.lib</file>
         <name>ltoa.obj</name>
      </input_file>
      <input_file id="fl-35">
         <path>C:\ti\ccsv6\tools\compiler\ti-cgt-arm_5.2.5\lib\</path>
         <kind>archive</kind>
         <file>rtsv7R4_T_be_v3D16_eabi.lib</file>
         <name>memccpy.obj</name>
      </input_file>
      <input_file id="fl-36">
         <path>C:\ti\ccsv6\tools\compiler\ti-cgt-arm_5.2.5\lib\</path>
         <kind>archive</kind>
         <file>rtsv7R4_T_be_v3D16_eabi.lib</file>
         <name>strchr.obj</name>
      </input_file>
      <input_file id="fl-37">
         <path>C:\ti\ccsv6\tools\compiler\ti-cgt-arm_5.2.5\lib\</path>
         <kind>archive</kind>
         <file>rtsv7R4_T_be_v3D16_eabi.lib</file>
         <name>strlen.obj</name>
      </input_file>
      <input_file id="fl-38">
         <path>C:\ti\ccsv6\tools\compiler\ti-cgt-arm_5.2.5\lib\</path>
         <kind>archive</kind>
         <file>rtsv7R4_T_be_v3D16_eabi.lib</file>
         <name>ull_div32.obj</name>
      </input_file>
      <input_file id="fl-39">
         <path>C:\ti\ccsv6\tools\compiler\ti-cgt-arm_5.2.5\lib\</path>
         <kind>archive</kind>
         <file>rtsv7R4_T_be_v3D16_eabi.lib</file>
         <name>xdclass.obj</name>
      </input_file>
      <input_file id="fl-3a">
         <path>C:\ti\ccsv6\tools\compiler\ti-cgt-arm_5.2.5\lib\</path>
         <kind>archive</kind>
         <file>rtsv7R4_T_be_v3D16_eabi.lib</file>
         <name>xdscale.obj</name>
      </input_file>
      <input_file id="fl-3b">
         <path>C:\ti\ccsv6\tools\compiler\ti-cgt-arm_5.2.5\lib\</path>
         <kind>archive</kind>
         <file>rtsv7R4_T_be_v3D16_eabi.lib</file>
         <name>xdunscal.obj</name>
      </input_file>
      <input_file id="fl-3c">
         <path>C:\ti\ccsv6\tools\compiler\ti-cgt-arm_5.2.5\lib\</path>
         <kind>archive</kind>
         <file>rtsv7R4_T_be_v3D16_eabi.lib</file>
         <name>xferaise.obj</name>
      </input_file>
      <input_file id="fl-3d">
         <path>C:\ti\ccsv6\tools\compiler\ti-cgt-arm_5.2.5\lib\</path>
         <kind>archive</kind>
         <file>rtsv7R4_T_be_v3D16_eabi.lib</file>
         <name>xvalues.obj</name>
      </input_file>
      <input_file id="fl-3e">
         <path>C:\ti\ccsv6\tools\compiler\ti-cgt-arm_5.2.5\lib\</path>
         <kind>archive</kind>
         <file>rtsv7R4_T_be_v3D16_eabi.lib</file>
         <name>errno.obj</name>
      </input_file>
      <input_file id="fl-3f">
         <path>C:\ti\ccsv6\tools\compiler\ti-cgt-arm_5.2.5\lib\</path>
         <kind>archive</kind>
         <file>rtsv7R4_T_be_v3D16_eabi.lib</file>
         <name>feraiseexcept.obj</name>
      </input_file>
      <input_file id="fl-40">
         <path>C:\ti\ccsv6\tools\compiler\ti-cgt-arm_5.2.5\lib\</path>
         <kind>archive</kind>
         <file>rtsv7R4_T_be_v3D16_eabi.lib</file>
         <name>raise.obj</name>
      </input_file>
      <input_file id="fl-41">
         <path>C:\ti\ccsv6\tools\compiler\ti-cgt-arm_5.2.5\lib\</path>
         <kind>archive</kind>
         <file>rtsv7R4_T_be_v3D16_eabi.lib</file>
         <name>signal.obj</name>
      </input_file>
      <input_file id="fl-42">
         <path>C:\ti\ccsv6\tools\compiler\ti-cgt-arm_5.2.5\lib\</path>
         <kind>archive</kind>
         <file>rtsv7R4_T_be_v3D16_eabi.lib</file>
         <name>xdnorm.obj</name>
      </input_file>
   </input_file_list>
   <object_component_list>
      <object_component id="oc-35">
         <name>.intvecs</name>
         <load_address>0x0</load_address>
         <run_address>0x0</run_address>
         <size>0x20</size>
         <input_file_ref idref="fl-15"/>
      </object_component>
      <object_component id="oc-124">
         <name>.kernelTEXT</name>
         <load_address>0x20</load_address>
         <run_address>0x20</run_address>
         <size>0x1cd8</size>
         <input_file_ref idref="fl-f"/>
      </object_component>
      <object_component id="oc-12a">
         <name>.kernelTEXT</name>
         <load_address>0x1cf8</load_address>
         <run_address>0x1cf8</run_address>
         <size>0x1124</size>
         <input_file_ref idref="fl-e"/>
      </object_component>
      <object_component id="oc-a7">
         <name>.kernelTEXT</name>
         <load_address>0x2e1c</load_address>
         <run_address>0x2e1c</run_address>
         <size>0x4b0</size>
         <input_file_ref idref="fl-d"/>
      </object_component>
      <object_component id="oc-233">
         <name>.kernelTEXT</name>
         <load_address>0x32cc</load_address>
         <run_address>0x32cc</run_address>
         <size>0x3e0</size>
         <input_file_ref idref="fl-c"/>
      </object_component>
      <object_component id="oc-1e4">
         <name>.kernelTEXT</name>
         <load_address>0x36ac</load_address>
         <run_address>0x36ac</run_address>
         <size>0x3a4</size>
         <input_file_ref idref="fl-9"/>
      </object_component>
      <object_component id="oc-40a">
         <name>.cinit..data.load</name>
         <load_address>0x3a50</load_address>
         <run_address>0x3a50</run_address>
         <size>0x42</size>
      </object_component>
      <object_component id="oc-407">
         <name>.cinit..kernelBSS.load</name>
         <load_address>0x3a98</load_address>
         <run_address>0x3a98</run_address>
         <size>0x16</size>
      </object_component>
      <object_component id="oc-405">
         <name>__TI_handler_table</name>
         <load_address>0x3ab0</load_address>
         <run_address>0x3ab0</run_address>
         <size>0xc</size>
      </object_component>
      <object_component id="oc-409">
         <name>.cinit..bss.load</name>
         <load_address>0x3ac0</load_address>
         <run_address>0x3ac0</run_address>
         <size>0x8</size>
      </object_component>
      <object_component id="oc-408">
         <name>.cinit..kernelHEAP.load</name>
         <load_address>0x3ac8</load_address>
         <run_address>0x3ac8</run_address>
         <size>0x8</size>
      </object_component>
      <object_component id="oc-406">
         <name>__TI_cinit_table</name>
         <load_address>0x3ad0</load_address>
         <run_address>0x3ad0</run_address>
         <size>0x20</size>
      </object_component>
      <object_component id="oc-7c">
         <name>.text</name>
         <load_address>0x8020</load_address>
         <run_address>0x8020</run_address>
         <size>0x2cdc</size>
         <input_file_ref idref="fl-1c"/>
      </object_component>
      <object_component id="oc-215">
         <name>.text</name>
         <load_address>0xacfc</load_address>
         <run_address>0xacfc</run_address>
         <size>0x1060</size>
         <input_file_ref idref="fl-31"/>
      </object_component>
      <object_component id="oc-76">
         <name>.text</name>
         <load_address>0xbd5c</load_address>
         <run_address>0xbd5c</run_address>
         <size>0xb28</size>
         <input_file_ref idref="fl-1f"/>
      </object_component>
      <object_component id="oc-100">
         <name>.text</name>
         <load_address>0xc884</load_address>
         <run_address>0xc884</run_address>
         <size>0xb0c</size>
         <input_file_ref idref="fl-2"/>
      </object_component>
      <object_component id="oc-118">
         <name>.text</name>
         <load_address>0xd390</load_address>
         <run_address>0xd390</run_address>
         <size>0x9d4</size>
         <input_file_ref idref="fl-12"/>
      </object_component>
      <object_component id="oc-8e">
         <name>.text</name>
         <load_address>0xdd64</load_address>
         <run_address>0xdd64</run_address>
         <size>0x998</size>
         <input_file_ref idref="fl-16"/>
      </object_component>
      <object_component id="oc-41">
         <name>.text</name>
         <load_address>0xe6fc</load_address>
         <run_address>0xe6fc</run_address>
         <size>0x89c</size>
         <input_file_ref idref="fl-1e"/>
      </object_component>
      <object_component id="oc-23f">
         <name>.text</name>
         <load_address>0xef98</load_address>
         <run_address>0xef98</run_address>
         <size>0x844</size>
         <input_file_ref idref="fl-f"/>
      </object_component>
      <object_component id="oc-dc">
         <name>.text</name>
         <load_address>0xf7dc</load_address>
         <run_address>0xf7dc</run_address>
         <size>0x638</size>
         <input_file_ref idref="fl-11"/>
      </object_component>
      <object_component id="oc-82">
         <name>.text</name>
         <load_address>0xfe14</load_address>
         <run_address>0xfe14</run_address>
         <size>0x5e8</size>
         <input_file_ref idref="fl-4"/>
      </object_component>
      <object_component id="oc-fa">
         <name>.text</name>
         <load_address>0x103fc</load_address>
         <run_address>0x103fc</run_address>
         <size>0x588</size>
         <input_file_ref idref="fl-b"/>
      </object_component>
      <object_component id="oc-11e">
         <name>.text</name>
         <load_address>0x10984</load_address>
         <run_address>0x10984</run_address>
         <size>0x484</size>
         <input_file_ref idref="fl-5"/>
      </object_component>
      <object_component id="oc-71">
         <name>.text</name>
         <load_address>0x10e08</load_address>
         <run_address>0x10e08</run_address>
         <size>0x3cc</size>
         <input_file_ref idref="fl-13"/>
      </object_component>
      <object_component id="oc-2b2">
         <name>.text</name>
         <load_address>0x111d4</load_address>
         <run_address>0x111d4</run_address>
         <size>0x2b8</size>
         <input_file_ref idref="fl-38"/>
      </object_component>
      <object_component id="oc-20">
         <name>.text:retain</name>
         <load_address>0x1148c</load_address>
         <run_address>0x1148c</run_address>
         <size>0x298</size>
         <input_file_ref idref="fl-1d"/>
      </object_component>
      <object_component id="oc-40">
         <name>.text:retain</name>
         <load_address>0x11724</load_address>
         <run_address>0x11724</run_address>
         <size>0x294</size>
         <input_file_ref idref="fl-1e"/>
      </object_component>
      <object_component id="oc-295">
         <name>.text</name>
         <load_address>0x119b8</load_address>
         <run_address>0x119b8</run_address>
         <size>0x284</size>
         <input_file_ref idref="fl-9"/>
      </object_component>
      <object_component id="oc-239">
         <name>.text</name>
         <load_address>0x11c3c</load_address>
         <run_address>0x11c3c</run_address>
         <size>0x238</size>
         <input_file_ref idref="fl-a"/>
      </object_component>
      <object_component id="oc-304">
         <name>.text</name>
         <load_address>0x11e74</load_address>
         <run_address>0x11e74</run_address>
         <size>0x1b4</size>
         <input_file_ref idref="fl-c"/>
      </object_component>
      <object_component id="oc-354">
         <name>.text</name>
         <load_address>0x12028</load_address>
         <run_address>0x12028</run_address>
         <size>0x118</size>
         <input_file_ref idref="fl-3a"/>
      </object_component>
      <object_component id="oc-2f">
         <name>.text:retain</name>
         <load_address>0x12140</load_address>
         <run_address>0x12140</run_address>
         <size>0x114</size>
         <input_file_ref idref="fl-4"/>
      </object_component>
      <object_component id="oc-e4">
         <name>.text</name>
         <load_address>0x12254</load_address>
         <run_address>0x12254</run_address>
         <size>0x110</size>
         <input_file_ref idref="fl-1b"/>
      </object_component>
      <object_component id="oc-26">
         <name>.text:retain</name>
         <load_address>0x12364</load_address>
         <run_address>0x12364</run_address>
         <size>0x100</size>
         <input_file_ref idref="fl-2"/>
      </object_component>
      <object_component id="oc-b0">
         <name>.text</name>
         <load_address>0x12464</load_address>
         <run_address>0x12464</run_address>
         <size>0xe8</size>
         <input_file_ref idref="fl-3"/>
      </object_component>
      <object_component id="oc-9b">
         <name>.text</name>
         <load_address>0x1254c</load_address>
         <run_address>0x1254c</run_address>
         <size>0xd0</size>
         <input_file_ref idref="fl-6"/>
      </object_component>
      <object_component id="oc-386">
         <name>.text</name>
         <load_address>0x1261c</load_address>
         <run_address>0x1261c</run_address>
         <size>0xc6</size>
         <input_file_ref idref="fl-42"/>
      </object_component>
      <object_component id="oc-4c">
         <name>.text</name>
         <load_address>0x126e2</load_address>
         <run_address>0x126e2</run_address>
         <size>0x9c</size>
         <input_file_ref idref="fl-2c"/>
      </object_component>
      <object_component id="oc-112">
         <name>.text</name>
         <load_address>0x12780</load_address>
         <run_address>0x12780</run_address>
         <size>0x94</size>
         <input_file_ref idref="fl-2e"/>
      </object_component>
      <object_component id="oc-65">
         <name>.text</name>
         <load_address>0x12814</load_address>
         <run_address>0x12814</run_address>
         <size>0x7a</size>
         <input_file_ref idref="fl-2d"/>
      </object_component>
      <object_component id="oc-88">
         <name>.text</name>
         <load_address>0x12890</load_address>
         <run_address>0x12890</run_address>
         <size>0x6c</size>
         <input_file_ref idref="fl-25"/>
      </object_component>
      <object_component id="oc-58">
         <name>.text</name>
         <load_address>0x128fc</load_address>
         <run_address>0x128fc</run_address>
         <size>0x6a</size>
         <input_file_ref idref="fl-27"/>
      </object_component>
      <object_component id="oc-34c">
         <name>.text</name>
         <load_address>0x12966</load_address>
         <run_address>0x12966</run_address>
         <size>0x64</size>
         <input_file_ref idref="fl-3b"/>
      </object_component>
      <object_component id="oc-2bd">
         <name>.text</name>
         <load_address>0x129ca</load_address>
         <run_address>0x129ca</run_address>
         <size>0x56</size>
         <input_file_ref idref="fl-34"/>
      </object_component>
      <object_component id="oc-10c">
         <name>.text</name>
         <load_address>0x12a20</load_address>
         <run_address>0x12a20</run_address>
         <size>0x50</size>
         <input_file_ref idref="fl-24"/>
      </object_component>
      <object_component id="oc-f2">
         <name>.text</name>
         <load_address>0x12a70</load_address>
         <run_address>0x12a70</run_address>
         <size>0x4c</size>
         <input_file_ref idref="fl-29"/>
      </object_component>
      <object_component id="oc-2c9">
         <name>.text</name>
         <load_address>0x12abc</load_address>
         <run_address>0x12abc</run_address>
         <size>0x44</size>
         <input_file_ref idref="fl-33"/>
      </object_component>
      <object_component id="oc-94">
         <name>.text</name>
         <load_address>0x12b00</load_address>
         <run_address>0x12b00</run_address>
         <size>0x40</size>
         <input_file_ref idref="fl-2b"/>
      </object_component>
      <object_component id="oc-3c2">
         <name>.text</name>
         <load_address>0x12b40</load_address>
         <run_address>0x12b40</run_address>
         <size>0x40</size>
         <input_file_ref idref="fl-41"/>
      </object_component>
      <object_component id="oc-2d5">
         <name>.text</name>
         <load_address>0x12b80</load_address>
         <run_address>0x12b80</run_address>
         <size>0x3c</size>
         <input_file_ref idref="fl-39"/>
      </object_component>
      <object_component id="oc-106">
         <name>.text</name>
         <load_address>0x12bbc</load_address>
         <run_address>0x12bbc</run_address>
         <size>0x36</size>
         <input_file_ref idref="fl-2f"/>
      </object_component>
      <object_component id="oc-395">
         <name>.text</name>
         <load_address>0x12bf4</load_address>
         <run_address>0x12bf4</run_address>
         <size>0x34</size>
         <input_file_ref idref="fl-3f"/>
      </object_component>
      <object_component id="oc-35a">
         <name>.text</name>
         <load_address>0x12c28</load_address>
         <run_address>0x12c28</run_address>
         <size>0x34</size>
         <input_file_ref idref="fl-3c"/>
      </object_component>
      <object_component id="oc-3b4">
         <name>.text</name>
         <load_address>0x12c5c</load_address>
         <run_address>0x12c5c</run_address>
         <size>0x2e</size>
         <input_file_ref idref="fl-40"/>
      </object_component>
      <object_component id="oc-2c3">
         <name>.text</name>
         <load_address>0x12c8a</load_address>
         <run_address>0x12c8a</run_address>
         <size>0x24</size>
         <input_file_ref idref="fl-32"/>
      </object_component>
      <object_component id="oc-2db">
         <name>.text</name>
         <load_address>0x12cae</load_address>
         <run_address>0x12cae</run_address>
         <size>0x1c</size>
         <input_file_ref idref="fl-35"/>
      </object_component>
      <object_component id="oc-2cf">
         <name>.text</name>
         <load_address>0x12cca</load_address>
         <run_address>0x12cca</run_address>
         <size>0x16</size>
         <input_file_ref idref="fl-36"/>
      </object_component>
      <object_component id="oc-2b7">
         <name>.text</name>
         <load_address>0x12ce0</load_address>
         <run_address>0x12ce0</run_address>
         <size>0x16</size>
         <input_file_ref idref="fl-37"/>
      </object_component>
      <object_component id="oc-26b">
         <name>.text</name>
         <load_address>0x12cf8</load_address>
         <run_address>0x12cf8</run_address>
         <size>0x14</size>
         <input_file_ref idref="fl-30"/>
      </object_component>
      <object_component id="oc-e">
         <name>.text:decompress:none</name>
         <load_address>0x12d0c</load_address>
         <run_address>0x12d0c</run_address>
         <size>0xe</size>
         <input_file_ref idref="fl-26"/>
      </object_component>
      <object_component id="oc-1a">
         <name>.text:decompress:ZI</name>
         <load_address>0x12d1a</load_address>
         <run_address>0x12d1a</run_address>
         <size>0xc</size>
         <input_file_ref idref="fl-28"/>
      </object_component>
      <object_component id="oc-14">
         <name>.text:decompress:rle24</name>
         <load_address>0x12d26</load_address>
         <run_address>0x12d26</run_address>
         <size>0x6</size>
         <input_file_ref idref="fl-27"/>
      </object_component>
      <object_component id="oc-3a">
         <name>.text:retain</name>
         <load_address>0x12d2c</load_address>
         <run_address>0x12d2c</run_address>
         <size>0x4</size>
         <input_file_ref idref="fl-19"/>
      </object_component>
      <object_component id="oc-2c">
         <name>.const:s_vim_init</name>
         <load_address>0x12d30</load_address>
         <run_address>0x12d30</run_address>
         <size>0x180</size>
         <input_file_ref idref="fl-1e"/>
      </object_component>
      <object_component id="oc-210">
         <name>.const:.string:_ctypes_</name>
         <load_address>0x12eb0</load_address>
         <run_address>0x12eb0</run_address>
         <size>0x101</size>
         <input_file_ref idref="fl-2a"/>
      </object_component>
      <object_component id="oc-205">
         <name>.const</name>
         <load_address>0x12fb4</load_address>
         <run_address>0x12fb4</run_address>
         <size>0x20</size>
         <input_file_ref idref="fl-2"/>
      </object_component>
      <object_component id="oc-145">
         <name>.const</name>
         <load_address>0x12fd4</load_address>
         <run_address>0x12fd4</run_address>
         <size>0x10</size>
         <input_file_ref idref="fl-16"/>
      </object_component>
      <object_component id="oc-29e">
         <name>.const</name>
         <load_address>0x12fe4</load_address>
         <run_address>0x12fe4</run_address>
         <size>0x4</size>
         <input_file_ref idref="fl-9"/>
      </object_component>
      <object_component id="oc-166">
         <name>.kernelBSS</name>
         <load_address>0x8000964</load_address>
         <run_address>0x8000964</run_address>
         <size>0x8</size>
         <input_file_ref idref="fl-c"/>
      </object_component>
      <object_component id="oc-163">
         <name>.kernelBSS:init</name>
         <load_address>0x8000934</load_address>
         <run_address>0x8000934</run_address>
         <size>0x30</size>
         <input_file_ref idref="fl-f"/>
      </object_component>
      <object_component id="oc-245">
         <name>.kernelBSS:uninit</name>
         <load_address>0x8000800</load_address>
         <run_address>0x8000800</run_address>
         <size>0x134</size>
         <input_file_ref idref="fl-f"/>
      </object_component>
      <object_component id="oc-32f">
         <name>.kernelHEAP</name>
         <uninitialized>true</uninitialized>
         <run_address>0x8001000</run_address>
         <size>0x2000</size>
         <input_file_ref idref="fl-9"/>
      </object_component>
      <object_component id="oc-22c">
         <name>.bss:g_sciTransfer_t</name>
         <uninitialized>true</uninitialized>
         <run_address>0x8003178</run_address>
         <size>0x28</size>
         <input_file_ref idref="fl-12"/>
      </object_component>
      <object_component id="oc-2a1">
         <name>.common:xStart</name>
         <uninitialized>true</uninitialized>
         <run_address>0x80031b8</run_address>
         <size>0x8</size>
      </object_component>
      <object_component id="oc-140">
         <name>.common:canTaskTcb</name>
         <uninitialized>true</uninitialized>
         <run_address>0x80031cc</run_address>
         <size>0x4</size>
      </object_component>
      <object_component id="oc-141">
         <name>.common:absTaskTcb</name>
         <uninitialized>true</uninitialized>
         <run_address>0x80031c4</run_address>
         <size>0x4</size>
      </object_component>
      <object_component id="oc-143">
         <name>.common:uartAbsTaskTcb</name>
         <uninitialized>true</uninitialized>
         <run_address>0x80031e4</run_address>
         <size>0x4</size>
      </object_component>
      <object_component id="oc-144">
         <name>.common:uartSteerTaskTcb</name>
         <uninitialized>true</uninitialized>
         <run_address>0x80031ec</run_address>
         <size>0x4</size>
      </object_component>
      <object_component id="oc-142">
         <name>.common:steerTaskTcb</name>
         <uninitialized>true</uninitialized>
         <run_address>0x80031e0</run_address>
         <size>0x4</size>
      </object_component>
      <object_component id="oc-134">
         <name>.common:rx_data</name>
         <uninitialized>true</uninitialized>
         <run_address>0x80031b0</run_address>
         <size>0x8</size>
      </object_component>
      <object_component id="oc-135">
         <name>.common:rxMbox1</name>
         <uninitialized>true</uninitialized>
         <run_address>0x80031a0</run_address>
         <size>0x8</size>
      </object_component>
      <object_component id="oc-13b">
         <name>.common:rxMbox2</name>
         <uninitialized>true</uninitialized>
         <run_address>0x80031a8</run_address>
         <size>0x8</size>
      </object_component>
      <object_component id="oc-136">
         <name>.common:rxIntMbox1</name>
         <uninitialized>true</uninitialized>
         <run_address>0x80031d8</run_address>
         <size>0x4</size>
      </object_component>
      <object_component id="oc-13c">
         <name>.common:pubSpeed</name>
         <uninitialized>true</uninitialized>
         <run_address>0x80031d4</run_address>
         <size>0x4</size>
      </object_component>
      <object_component id="oc-130">
         <name>.common:canIntRxSem</name>
         <uninitialized>true</uninitialized>
         <run_address>0x80031c8</run_address>
         <size>0x4</size>
      </object_component>
      <object_component id="oc-13a">
         <name>.common:absSem</name>
         <uninitialized>true</uninitialized>
         <run_address>0x80031c0</run_address>
         <size>0x4</size>
      </object_component>
      <object_component id="oc-13d">
         <name>.common:steerSem</name>
         <uninitialized>true</uninitialized>
         <run_address>0x80031dc</run_address>
         <size>0x4</size>
      </object_component>
      <object_component id="oc-13e">
         <name>.common:uartAbsTxSem</name>
         <uninitialized>true</uninitialized>
         <run_address>0x80031e8</run_address>
         <size>0x4</size>
      </object_component>
      <object_component id="oc-13f">
         <name>.common:uartSteerTxSem</name>
         <uninitialized>true</uninitialized>
         <run_address>0x80031f0</run_address>
         <size>0x4</size>
      </object_component>
      <object_component id="oc-133">
         <name>.common:mailBox</name>
         <uninitialized>true</uninitialized>
         <run_address>0x80031d0</run_address>
         <size>0x4</size>
      </object_component>
      <object_component id="oc-29b">
         <name>.data</name>
         <load_address>0x800314c</load_address>
         <run_address>0x800314c</run_address>
         <size>0x10</size>
         <input_file_ref idref="fl-9"/>
      </object_component>
      <object_component id="oc-137">
         <name>.data</name>
         <load_address>0x8003130</load_address>
         <run_address>0x8003130</run_address>
         <size>0x1c</size>
         <input_file_ref idref="fl-16"/>
      </object_component>
      <object_component id="oc-151">
         <name>.data</name>
         <load_address>0x8003164</load_address>
         <run_address>0x8003164</run_address>
         <size>0x8</size>
         <input_file_ref idref="fl-2b"/>
      </object_component>
      <object_component id="oc-14e">
         <name>.data</name>
         <load_address>0x800315c</load_address>
         <run_address>0x800315c</run_address>
         <size>0x8</size>
         <input_file_ref idref="fl-30"/>
      </object_component>
      <object_component id="oc-390">
         <name>.data</name>
         <load_address>0x80030b0</load_address>
         <run_address>0x80030b0</run_address>
         <size>0x80</size>
         <input_file_ref idref="fl-3d"/>
      </object_component>
      <object_component id="oc-39b">
         <name>.data</name>
         <load_address>0x8003174</load_address>
         <run_address>0x8003174</run_address>
         <size>0x4</size>
         <input_file_ref idref="fl-3e"/>
      </object_component>
      <object_component id="oc-3ba">
         <name>.data</name>
         <load_address>0x800316c</load_address>
         <run_address>0x800316c</run_address>
         <size>0x8</size>
         <input_file_ref idref="fl-3f"/>
      </object_component>
      <object_component id="oc-3d3">
         <name>.data:sigtable</name>
         <load_address>0x8003000</load_address>
         <run_address>0x8003000</run_address>
         <size>0xb0</size>
         <input_file_ref idref="fl-41"/>
      </object_component>
      <object_component id="oc-190">
         <name>.debug_info</name>
         <load_address>0x0</load_address>
         <run_address>0x0</run_address>
         <size>0x21c</size>
         <input_file_ref idref="fl-2"/>
      </object_component>
      <object_component id="oc-206">
         <name>.debug_info</name>
         <load_address>0x21c</load_address>
         <run_address>0x21c</run_address>
         <size>0xcf</size>
         <input_file_ref idref="fl-2"/>
      </object_component>
      <object_component id="oc-101">
         <name>.debug_info</name>
         <load_address>0x2eb</load_address>
         <run_address>0x2eb</run_address>
         <size>0x138e</size>
         <input_file_ref idref="fl-2"/>
      </object_component>
      <object_component id="oc-27">
         <name>.debug_info</name>
         <load_address>0x1679</load_address>
         <run_address>0x1679</run_address>
         <size>0x1a2</size>
         <input_file_ref idref="fl-2"/>
      </object_component>
      <object_component id="oc-a2">
         <name>.debug_info</name>
         <load_address>0x181b</load_address>
         <run_address>0x181b</run_address>
         <size>0x157</size>
         <input_file_ref idref="fl-2"/>
      </object_component>
      <object_component id="oc-149">
         <name>.debug_info</name>
         <load_address>0x1972</load_address>
         <run_address>0x1972</run_address>
         <size>0x8b</size>
         <input_file_ref idref="fl-2"/>
      </object_component>
      <object_component id="oc-b8">
         <name>.debug_info</name>
         <load_address>0x19fd</load_address>
         <run_address>0x19fd</run_address>
         <size>0x18c</size>
         <input_file_ref idref="fl-2"/>
      </object_component>
      <object_component id="oc-15e">
         <name>.debug_info</name>
         <load_address>0x1b89</load_address>
         <run_address>0x1b89</run_address>
         <size>0x18b</size>
         <input_file_ref idref="fl-2"/>
      </object_component>
      <object_component id="oc-bd">
         <name>.debug_info</name>
         <load_address>0x1d14</load_address>
         <run_address>0x1d14</run_address>
         <size>0x86</size>
         <input_file_ref idref="fl-2"/>
      </object_component>
      <object_component id="oc-222">
         <name>.debug_info</name>
         <load_address>0x1d9a</load_address>
         <run_address>0x1d9a</run_address>
         <size>0x4e</size>
         <input_file_ref idref="fl-2"/>
      </object_component>
      <object_component id="oc-1a4">
         <name>.debug_info</name>
         <load_address>0x1de8</load_address>
         <run_address>0x1de8</run_address>
         <size>0x437</size>
         <input_file_ref idref="fl-2"/>
      </object_component>
      <object_component id="oc-209">
         <name>.debug_info</name>
         <load_address>0x221f</load_address>
         <run_address>0x221f</run_address>
         <size>0x15f</size>
         <input_file_ref idref="fl-2"/>
      </object_component>
      <object_component id="oc-185">
         <name>.debug_info</name>
         <load_address>0x237e</load_address>
         <run_address>0x237e</run_address>
         <size>0x2cf</size>
         <input_file_ref idref="fl-2"/>
      </object_component>
      <object_component id="oc-b1">
         <name>.debug_info</name>
         <load_address>0x264d</load_address>
         <run_address>0x264d</run_address>
         <size>0xed</size>
         <input_file_ref idref="fl-3"/>
      </object_component>
      <object_component id="oc-f1">
         <name>.debug_info</name>
         <load_address>0x273a</load_address>
         <run_address>0x273a</run_address>
         <size>0x15d</size>
         <input_file_ref idref="fl-4"/>
      </object_component>
      <object_component id="oc-83">
         <name>.debug_info</name>
         <load_address>0x2897</load_address>
         <run_address>0x2897</run_address>
         <size>0xb12</size>
         <input_file_ref idref="fl-4"/>
      </object_component>
      <object_component id="oc-30">
         <name>.debug_info</name>
         <load_address>0x33a9</load_address>
         <run_address>0x33a9</run_address>
         <size>0x172</size>
         <input_file_ref idref="fl-4"/>
      </object_component>
      <object_component id="oc-16c">
         <name>.debug_info</name>
         <load_address>0x351b</load_address>
         <run_address>0x351b</run_address>
         <size>0x1de</size>
         <input_file_ref idref="fl-4"/>
      </object_component>
      <object_component id="oc-ec">
         <name>.debug_info</name>
         <load_address>0x36f9</load_address>
         <run_address>0x36f9</run_address>
         <size>0x129</size>
         <input_file_ref idref="fl-4"/>
      </object_component>
      <object_component id="oc-232">
         <name>.debug_info</name>
         <load_address>0x3822</load_address>
         <run_address>0x3822</run_address>
         <size>0xe0</size>
         <input_file_ref idref="fl-5"/>
      </object_component>
      <object_component id="oc-11f">
         <name>.debug_info</name>
         <load_address>0x3902</load_address>
         <run_address>0x3902</run_address>
         <size>0x6ca</size>
         <input_file_ref idref="fl-5"/>
      </object_component>
      <object_component id="oc-176">
         <name>.debug_info</name>
         <load_address>0x3fcc</load_address>
         <run_address>0x3fcc</run_address>
         <size>0x1f9</size>
         <input_file_ref idref="fl-5"/>
      </object_component>
      <object_component id="oc-2ff">
         <name>.debug_info</name>
         <load_address>0x41c5</load_address>
         <run_address>0x41c5</run_address>
         <size>0x12a</size>
         <input_file_ref idref="fl-5"/>
      </object_component>
      <object_component id="oc-158">
         <name>.debug_info</name>
         <load_address>0x42ef</load_address>
         <run_address>0x42ef</run_address>
         <size>0x2d4</size>
         <input_file_ref idref="fl-6"/>
      </object_component>
      <object_component id="oc-9c">
         <name>.debug_info</name>
         <load_address>0x45c3</load_address>
         <run_address>0x45c3</run_address>
         <size>0x9a4</size>
         <input_file_ref idref="fl-6"/>
      </object_component>
      <object_component id="oc-195">
         <name>.debug_info</name>
         <load_address>0x4f67</load_address>
         <run_address>0x4f67</run_address>
         <size>0x60e</size>
         <input_file_ref idref="fl-6"/>
      </object_component>
      <object_component id="oc-19a">
         <name>.debug_info</name>
         <load_address>0x5575</load_address>
         <run_address>0x5575</run_address>
         <size>0x4de</size>
         <input_file_ref idref="fl-6"/>
      </object_component>
      <object_component id="oc-19f">
         <name>.debug_info</name>
         <load_address>0x5a53</load_address>
         <run_address>0x5a53</run_address>
         <size>0x3ce</size>
         <input_file_ref idref="fl-6"/>
      </object_component>
      <object_component id="oc-27b">
         <name>.debug_info</name>
         <load_address>0x5e21</load_address>
         <run_address>0x5e21</run_address>
         <size>0x7cd</size>
         <input_file_ref idref="fl-6"/>
      </object_component>
      <object_component id="oc-159">
         <name>.debug_info</name>
         <load_address>0x65ee</load_address>
         <run_address>0x65ee</run_address>
         <size>0x673</size>
         <input_file_ref idref="fl-6"/>
      </object_component>
      <object_component id="oc-d3">
         <name>.debug_info</name>
         <load_address>0x6c61</load_address>
         <run_address>0x6c61</run_address>
         <size>0x2c</size>
         <input_file_ref idref="fl-6"/>
      </object_component>
      <object_component id="oc-1cf">
         <name>.debug_info</name>
         <load_address>0x6c8d</load_address>
         <run_address>0x6c8d</run_address>
         <size>0x37b</size>
         <input_file_ref idref="fl-6"/>
      </object_component>
      <object_component id="oc-1a9">
         <name>.debug_info</name>
         <load_address>0x7008</load_address>
         <run_address>0x7008</run_address>
         <size>0x1ca</size>
         <input_file_ref idref="fl-6"/>
      </object_component>
      <object_component id="oc-171">
         <name>.debug_info</name>
         <load_address>0x71d2</load_address>
         <run_address>0x71d2</run_address>
         <size>0x435</size>
         <input_file_ref idref="fl-6"/>
      </object_component>
      <object_component id="oc-1c2">
         <name>.debug_info</name>
         <load_address>0x7607</load_address>
         <run_address>0x7607</run_address>
         <size>0x551</size>
         <input_file_ref idref="fl-6"/>
      </object_component>
      <object_component id="oc-1ae">
         <name>.debug_info</name>
         <load_address>0x7b58</load_address>
         <run_address>0x7b58</run_address>
         <size>0x3d3</size>
         <input_file_ref idref="fl-6"/>
      </object_component>
      <object_component id="oc-1b8">
         <name>.debug_info</name>
         <load_address>0x7f2b</load_address>
         <run_address>0x7f2b</run_address>
         <size>0x1de</size>
         <input_file_ref idref="fl-6"/>
      </object_component>
      <object_component id="oc-253">
         <name>.debug_info</name>
         <load_address>0x8109</load_address>
         <run_address>0x8109</run_address>
         <size>0x243</size>
         <input_file_ref idref="fl-6"/>
      </object_component>
      <object_component id="oc-2f8">
         <name>.debug_info</name>
         <load_address>0x834c</load_address>
         <run_address>0x834c</run_address>
         <size>0x18e</size>
         <input_file_ref idref="fl-6"/>
      </object_component>
      <object_component id="oc-1c7">
         <name>.debug_info</name>
         <load_address>0x84da</load_address>
         <run_address>0x84da</run_address>
         <size>0x17a</size>
         <input_file_ref idref="fl-6"/>
      </object_component>
      <object_component id="oc-17b">
         <name>.debug_info</name>
         <load_address>0x8654</load_address>
         <run_address>0x8654</run_address>
         <size>0x6a6</size>
         <input_file_ref idref="fl-6"/>
      </object_component>
      <object_component id="oc-180">
         <name>.debug_info</name>
         <load_address>0x8cfa</load_address>
         <run_address>0x8cfa</run_address>
         <size>0x13e</size>
         <input_file_ref idref="fl-6"/>
      </object_component>
      <object_component id="oc-2a5">
         <name>.debug_info</name>
         <load_address>0x8e38</load_address>
         <run_address>0x8e38</run_address>
         <size>0x47b</size>
         <input_file_ref idref="fl-7"/>
      </object_component>
      <object_component id="oc-1f6">
         <name>.debug_info</name>
         <load_address>0x92b3</load_address>
         <run_address>0x92b3</run_address>
         <size>0x2ef</size>
         <input_file_ref idref="fl-7"/>
      </object_component>
      <object_component id="oc-1eb">
         <name>.debug_info</name>
         <load_address>0x95a2</load_address>
         <run_address>0x95a2</run_address>
         <size>0xe1</size>
         <input_file_ref idref="fl-7"/>
      </object_component>
      <object_component id="oc-cb">
         <name>.debug_info</name>
         <load_address>0x9683</load_address>
         <run_address>0x9683</run_address>
         <size>0x84</size>
         <input_file_ref idref="fl-7"/>
      </object_component>
      <object_component id="oc-340">
         <name>.debug_info</name>
         <load_address>0x9707</load_address>
         <run_address>0x9707</run_address>
         <size>0xcc</size>
         <input_file_ref idref="fl-7"/>
      </object_component>
      <object_component id="oc-1f0">
         <name>.debug_info</name>
         <load_address>0x97d3</load_address>
         <run_address>0x97d3</run_address>
         <size>0x2c</size>
         <input_file_ref idref="fl-7"/>
      </object_component>
      <object_component id="oc-200">
         <name>.debug_info</name>
         <load_address>0x97ff</load_address>
         <run_address>0x97ff</run_address>
         <size>0x46</size>
         <input_file_ref idref="fl-7"/>
      </object_component>
      <object_component id="oc-258">
         <name>.debug_info</name>
         <load_address>0x9845</load_address>
         <run_address>0x9845</run_address>
         <size>0x14c</size>
         <input_file_ref idref="fl-7"/>
      </object_component>
      <object_component id="oc-324">
         <name>.debug_info</name>
         <load_address>0x9991</load_address>
         <run_address>0x9991</run_address>
         <size>0x445</size>
         <input_file_ref idref="fl-8"/>
      </object_component>
      <object_component id="oc-24c">
         <name>.debug_info</name>
         <load_address>0x9dd6</load_address>
         <run_address>0x9dd6</run_address>
         <size>0x110</size>
         <input_file_ref idref="fl-8"/>
      </object_component>
      <object_component id="oc-376">
         <name>.debug_info</name>
         <load_address>0x9ee6</load_address>
         <run_address>0x9ee6</run_address>
         <size>0x39</size>
         <input_file_ref idref="fl-8"/>
      </object_component>
      <object_component id="oc-318">
         <name>.debug_info</name>
         <load_address>0x9f1f</load_address>
         <run_address>0x9f1f</run_address>
         <size>0x46</size>
         <input_file_ref idref="fl-8"/>
      </object_component>
      <object_component id="oc-37b">
         <name>.debug_info</name>
         <load_address>0x9f65</load_address>
         <run_address>0x9f65</run_address>
         <size>0x70</size>
         <input_file_ref idref="fl-8"/>
      </object_component>
      <object_component id="oc-2a2">
         <name>.debug_info</name>
         <load_address>0x9fd5</load_address>
         <run_address>0x9fd5</run_address>
         <size>0x20e</size>
         <input_file_ref idref="fl-9"/>
      </object_component>
      <object_component id="oc-330">
         <name>.debug_info</name>
         <load_address>0xa1e3</load_address>
         <run_address>0xa1e3</run_address>
         <size>0xc3</size>
         <input_file_ref idref="fl-9"/>
      </object_component>
      <object_component id="oc-29f">
         <name>.debug_info</name>
         <load_address>0xa2a6</load_address>
         <run_address>0xa2a6</run_address>
         <size>0xd5</size>
         <input_file_ref idref="fl-9"/>
      </object_component>
      <object_component id="oc-29c">
         <name>.debug_info</name>
         <load_address>0xa37b</load_address>
         <run_address>0xa37b</run_address>
         <size>0x177</size>
         <input_file_ref idref="fl-9"/>
      </object_component>
      <object_component id="oc-1e5">
         <name>.debug_info</name>
         <load_address>0xa4f2</load_address>
         <run_address>0xa4f2</run_address>
         <size>0x520</size>
         <input_file_ref idref="fl-9"/>
      </object_component>
      <object_component id="oc-296">
         <name>.debug_info</name>
         <load_address>0xaa12</load_address>
         <run_address>0xaa12</run_address>
         <size>0x29a</size>
         <input_file_ref idref="fl-9"/>
      </object_component>
      <object_component id="oc-339">
         <name>.debug_info</name>
         <load_address>0xacac</load_address>
         <run_address>0xacac</run_address>
         <size>0x70</size>
         <input_file_ref idref="fl-9"/>
      </object_component>
      <object_component id="oc-30d">
         <name>.debug_info</name>
         <load_address>0xad1c</load_address>
         <run_address>0xad1c</run_address>
         <size>0x128</size>
         <input_file_ref idref="fl-a"/>
      </object_component>
      <object_component id="oc-23a">
         <name>.debug_info</name>
         <load_address>0xae44</load_address>
         <run_address>0xae44</run_address>
         <size>0x4a1</size>
         <input_file_ref idref="fl-a"/>
      </object_component>
      <object_component id="oc-1f5">
         <name>.debug_info</name>
         <load_address>0xb2e5</load_address>
         <run_address>0xb2e5</run_address>
         <size>0x761</size>
         <input_file_ref idref="fl-b"/>
      </object_component>
      <object_component id="oc-fb">
         <name>.debug_info</name>
         <load_address>0xba46</load_address>
         <run_address>0xba46</run_address>
         <size>0x2176</size>
         <input_file_ref idref="fl-b"/>
      </object_component>
      <object_component id="oc-1fb">
         <name>.debug_info</name>
         <load_address>0xdbbc</load_address>
         <run_address>0xdbbc</run_address>
         <size>0x46</size>
         <input_file_ref idref="fl-b"/>
      </object_component>
      <object_component id="oc-30b">
         <name>.debug_info</name>
         <load_address>0xdc02</load_address>
         <run_address>0xdc02</run_address>
         <size>0x246</size>
         <input_file_ref idref="fl-c"/>
      </object_component>
      <object_component id="oc-167">
         <name>.debug_info</name>
         <load_address>0xde48</load_address>
         <run_address>0xde48</run_address>
         <size>0x111</size>
         <input_file_ref idref="fl-c"/>
      </object_component>
      <object_component id="oc-234">
         <name>.debug_info</name>
         <load_address>0xdf59</load_address>
         <run_address>0xdf59</run_address>
         <size>0x5a3</size>
         <input_file_ref idref="fl-c"/>
      </object_component>
      <object_component id="oc-305">
         <name>.debug_info</name>
         <load_address>0xe4fc</load_address>
         <run_address>0xe4fc</run_address>
         <size>0x349</size>
         <input_file_ref idref="fl-c"/>
      </object_component>
      <object_component id="oc-a8">
         <name>.debug_info</name>
         <load_address>0xe845</load_address>
         <run_address>0xe845</run_address>
         <size>0x4ce</size>
         <input_file_ref idref="fl-d"/>
      </object_component>
      <object_component id="oc-24b">
         <name>.debug_info</name>
         <load_address>0xed13</load_address>
         <run_address>0xed13</run_address>
         <size>0x4c6</size>
         <input_file_ref idref="fl-e"/>
      </object_component>
      <object_component id="oc-12b">
         <name>.debug_info</name>
         <load_address>0xf1d9</load_address>
         <run_address>0xf1d9</run_address>
         <size>0x207a</size>
         <input_file_ref idref="fl-e"/>
      </object_component>
      <object_component id="oc-31f">
         <name>.debug_info</name>
         <load_address>0x11253</load_address>
         <run_address>0x11253</run_address>
         <size>0x163</size>
         <input_file_ref idref="fl-e"/>
      </object_component>
      <object_component id="oc-249">
         <name>.debug_info</name>
         <load_address>0x113b6</load_address>
         <run_address>0x113b6</run_address>
         <size>0x5d4</size>
         <input_file_ref idref="fl-f"/>
      </object_component>
      <object_component id="oc-164">
         <name>.debug_info</name>
         <load_address>0x1198a</load_address>
         <run_address>0x1198a</run_address>
         <size>0x2de</size>
         <input_file_ref idref="fl-f"/>
      </object_component>
      <object_component id="oc-246">
         <name>.debug_info</name>
         <load_address>0x11c68</load_address>
         <run_address>0x11c68</run_address>
         <size>0x258</size>
         <input_file_ref idref="fl-f"/>
      </object_component>
      <object_component id="oc-125">
         <name>.debug_info</name>
         <load_address>0x11ec0</load_address>
         <run_address>0x11ec0</run_address>
         <size>0x306b</size>
         <input_file_ref idref="fl-f"/>
      </object_component>
      <object_component id="oc-240">
         <name>.debug_info</name>
         <load_address>0x14f2b</load_address>
         <run_address>0x14f2b</run_address>
         <size>0xd8a</size>
         <input_file_ref idref="fl-f"/>
      </object_component>
      <object_component id="oc-30f">
         <name>.debug_info</name>
         <load_address>0x15cb5</load_address>
         <run_address>0x15cb5</run_address>
         <size>0x154</size>
         <input_file_ref idref="fl-f"/>
      </object_component>
      <object_component id="oc-192">
         <name>.debug_info</name>
         <load_address>0x15e09</load_address>
         <run_address>0x15e09</run_address>
         <size>0x113</size>
         <input_file_ref idref="fl-11"/>
      </object_component>
      <object_component id="oc-dd">
         <name>.debug_info</name>
         <load_address>0x15f1c</load_address>
         <run_address>0x15f1c</run_address>
         <size>0x1cc</size>
         <input_file_ref idref="fl-11"/>
      </object_component>
      <object_component id="oc-1b3">
         <name>.debug_info</name>
         <load_address>0x160e8</load_address>
         <run_address>0x160e8</run_address>
         <size>0x3a4</size>
         <input_file_ref idref="fl-11"/>
      </object_component>
      <object_component id="oc-288">
         <name>.debug_info</name>
         <load_address>0x1648c</load_address>
         <run_address>0x1648c</run_address>
         <size>0x2c7</size>
         <input_file_ref idref="fl-11"/>
      </object_component>
      <object_component id="oc-230">
         <name>.debug_info</name>
         <load_address>0x16753</load_address>
         <run_address>0x16753</run_address>
         <size>0x10c</size>
         <input_file_ref idref="fl-12"/>
      </object_component>
      <object_component id="oc-22d">
         <name>.debug_info</name>
         <load_address>0x1685f</load_address>
         <run_address>0x1685f</run_address>
         <size>0xd1</size>
         <input_file_ref idref="fl-12"/>
      </object_component>
      <object_component id="oc-119">
         <name>.debug_info</name>
         <load_address>0x16930</load_address>
         <run_address>0x16930</run_address>
         <size>0xbd8</size>
         <input_file_ref idref="fl-12"/>
      </object_component>
      <object_component id="oc-2f3">
         <name>.debug_info</name>
         <load_address>0x17508</load_address>
         <run_address>0x17508</run_address>
         <size>0x9f</size>
         <input_file_ref idref="fl-12"/>
      </object_component>
      <object_component id="oc-72">
         <name>.debug_info</name>
         <load_address>0x175a7</load_address>
         <run_address>0x175a7</run_address>
         <size>0x7e2</size>
         <input_file_ref idref="fl-13"/>
      </object_component>
      <object_component id="oc-36">
         <name>.debug_info</name>
         <load_address>0x17d89</load_address>
         <run_address>0x17d89</run_address>
         <size>0xf5</size>
         <input_file_ref idref="fl-15"/>
      </object_component>
      <object_component id="oc-131">
         <name>.debug_info</name>
         <load_address>0x17e7e</load_address>
         <run_address>0x17e7e</run_address>
         <size>0xa4b</size>
         <input_file_ref idref="fl-16"/>
      </object_component>
      <object_component id="oc-138">
         <name>.debug_info</name>
         <load_address>0x188c9</load_address>
         <run_address>0x188c9</run_address>
         <size>0x11b</size>
         <input_file_ref idref="fl-16"/>
      </object_component>
      <object_component id="oc-146">
         <name>.debug_info</name>
         <load_address>0x189e4</load_address>
         <run_address>0x189e4</run_address>
         <size>0xc7</size>
         <input_file_ref idref="fl-16"/>
      </object_component>
      <object_component id="oc-8f">
         <name>.debug_info</name>
         <load_address>0x18aab</load_address>
         <run_address>0x18aab</run_address>
         <size>0x100c</size>
         <input_file_ref idref="fl-16"/>
      </object_component>
      <object_component id="oc-262">
         <name>.debug_info</name>
         <load_address>0x19ab7</load_address>
         <run_address>0x19ab7</run_address>
         <size>0xc8</size>
         <input_file_ref idref="fl-16"/>
      </object_component>
      <object_component id="oc-25d">
         <name>.debug_info</name>
         <load_address>0x19b7f</load_address>
         <run_address>0x19b7f</run_address>
         <size>0x2c</size>
         <input_file_ref idref="fl-16"/>
      </object_component>
      <object_component id="oc-28d">
         <name>.debug_info</name>
         <load_address>0x19bab</load_address>
         <run_address>0x19bab</run_address>
         <size>0xe6</size>
         <input_file_ref idref="fl-18"/>
      </object_component>
      <object_component id="oc-32a">
         <name>.debug_info</name>
         <load_address>0x19c91</load_address>
         <run_address>0x19c91</run_address>
         <size>0x242</size>
         <input_file_ref idref="fl-18"/>
      </object_component>
      <object_component id="oc-1bd">
         <name>.debug_info</name>
         <load_address>0x19ed3</load_address>
         <run_address>0x19ed3</run_address>
         <size>0x2af</size>
         <input_file_ref idref="fl-18"/>
      </object_component>
      <object_component id="oc-3b">
         <name>.debug_info</name>
         <load_address>0x1a182</load_address>
         <run_address>0x1a182</run_address>
         <size>0x123</size>
         <input_file_ref idref="fl-19"/>
      </object_component>
      <object_component id="oc-e5">
         <name>.debug_info</name>
         <load_address>0x1a2a5</load_address>
         <run_address>0x1a2a5</run_address>
         <size>0x355</size>
         <input_file_ref idref="fl-1b"/>
      </object_component>
      <object_component id="oc-ea">
         <name>.debug_info</name>
         <load_address>0x1a5fa</load_address>
         <run_address>0x1a5fa</run_address>
         <size>0x4a3</size>
         <input_file_ref idref="fl-1c"/>
      </object_component>
      <object_component id="oc-7d">
         <name>.debug_info</name>
         <load_address>0x1aa9d</load_address>
         <run_address>0x1aa9d</run_address>
         <size>0x2e75</size>
         <input_file_ref idref="fl-1c"/>
      </object_component>
      <object_component id="oc-21">
         <name>.debug_info</name>
         <load_address>0x1d912</load_address>
         <run_address>0x1d912</run_address>
         <size>0x5a8</size>
         <input_file_ref idref="fl-1d"/>
      </object_component>
      <object_component id="oc-ae">
         <name>.debug_info</name>
         <load_address>0x1deba</load_address>
         <run_address>0x1deba</run_address>
         <size>0x322</size>
         <input_file_ref idref="fl-1e"/>
      </object_component>
      <object_component id="oc-2d">
         <name>.debug_info</name>
         <load_address>0x1e1dc</load_address>
         <run_address>0x1e1dc</run_address>
         <size>0xcb</size>
         <input_file_ref idref="fl-1e"/>
      </object_component>
      <object_component id="oc-42">
         <name>.debug_info</name>
         <load_address>0x1e2a7</load_address>
         <run_address>0x1e2a7</run_address>
         <size>0x45d</size>
         <input_file_ref idref="fl-1e"/>
      </object_component>
      <object_component id="oc-47">
         <name>.debug_info</name>
         <load_address>0x1e704</load_address>
         <run_address>0x1e704</run_address>
         <size>0x1e6</size>
         <input_file_ref idref="fl-1e"/>
      </object_component>
      <object_component id="oc-18a">
         <name>.debug_info</name>
         <load_address>0x1e8ea</load_address>
         <run_address>0x1e8ea</run_address>
         <size>0x5d</size>
         <input_file_ref idref="fl-1e"/>
      </object_component>
      <object_component id="oc-e3">
         <name>.debug_info</name>
         <load_address>0x1e947</load_address>
         <run_address>0x1e947</run_address>
         <size>0x350</size>
         <input_file_ref idref="fl-1f"/>
      </object_component>
      <object_component id="oc-77">
         <name>.debug_info</name>
         <load_address>0x1ec97</load_address>
         <run_address>0x1ec97</run_address>
         <size>0x71c</size>
         <input_file_ref idref="fl-1f"/>
      </object_component>
      <object_component id="oc-214">
         <name>.debug_info</name>
         <load_address>0x1f3b3</load_address>
         <run_address>0x1f3b3</run_address>
         <size>0xf5</size>
         <input_file_ref idref="fl-24"/>
      </object_component>
      <object_component id="oc-10e">
         <name>.debug_info</name>
         <load_address>0x1f4a8</load_address>
         <run_address>0x1f4a8</run_address>
         <size>0x152</size>
         <input_file_ref idref="fl-24"/>
      </object_component>
      <object_component id="oc-f9">
         <name>.debug_info</name>
         <load_address>0x1f5fa</load_address>
         <run_address>0x1f5fa</run_address>
         <size>0x29e</size>
         <input_file_ref idref="fl-25"/>
      </object_component>
      <object_component id="oc-8c">
         <name>.debug_info</name>
         <load_address>0x1f898</load_address>
         <run_address>0x1f898</run_address>
         <size>0x158</size>
         <input_file_ref idref="fl-25"/>
      </object_component>
      <object_component id="oc-1da">
         <name>.debug_info</name>
         <load_address>0x1f9f0</load_address>
         <run_address>0x1f9f0</run_address>
         <size>0x39</size>
         <input_file_ref idref="fl-25"/>
      </object_component>
      <object_component id="oc-1df">
         <name>.debug_info</name>
         <load_address>0x1fa29</load_address>
         <run_address>0x1fa29</run_address>
         <size>0xcd</size>
         <input_file_ref idref="fl-25"/>
      </object_component>
      <object_component id="oc-57">
         <name>.debug_info</name>
         <load_address>0x1faf6</load_address>
         <run_address>0x1faf6</run_address>
         <size>0x11c</size>
         <input_file_ref idref="fl-26"/>
      </object_component>
      <object_component id="oc-10">
         <name>.debug_info</name>
         <load_address>0x1fc12</load_address>
         <run_address>0x1fc12</run_address>
         <size>0x1ab</size>
         <input_file_ref idref="fl-26"/>
      </object_component>
      <object_component id="oc-52">
         <name>.debug_info</name>
         <load_address>0x1fdbd</load_address>
         <run_address>0x1fdbd</run_address>
         <size>0x46</size>
         <input_file_ref idref="fl-26"/>
      </object_component>
      <object_component id="oc-c4">
         <name>.debug_info</name>
         <load_address>0x1fe03</load_address>
         <run_address>0x1fe03</run_address>
         <size>0x2c</size>
         <input_file_ref idref="fl-26"/>
      </object_component>
      <object_component id="oc-5f">
         <name>.debug_info</name>
         <load_address>0x1fe2f</load_address>
         <run_address>0x1fe2f</run_address>
         <size>0x115</size>
         <input_file_ref idref="fl-27"/>
      </object_component>
      <object_component id="oc-5c">
         <name>.debug_info</name>
         <load_address>0x1ff44</load_address>
         <run_address>0x1ff44</run_address>
         <size>0x228</size>
         <input_file_ref idref="fl-27"/>
      </object_component>
      <object_component id="oc-17">
         <name>.debug_info</name>
         <load_address>0x2016c</load_address>
         <run_address>0x2016c</run_address>
         <size>0x192</size>
         <input_file_ref idref="fl-27"/>
      </object_component>
      <object_component id="oc-60">
         <name>.debug_info</name>
         <load_address>0x202fe</load_address>
         <run_address>0x202fe</run_address>
         <size>0x39</size>
         <input_file_ref idref="fl-27"/>
      </object_component>
      <object_component id="oc-70">
         <name>.debug_info</name>
         <load_address>0x20337</load_address>
         <run_address>0x20337</run_address>
         <size>0x110</size>
         <input_file_ref idref="fl-28"/>
      </object_component>
      <object_component id="oc-1e">
         <name>.debug_info</name>
         <load_address>0x20447</load_address>
         <run_address>0x20447</run_address>
         <size>0x18b</size>
         <input_file_ref idref="fl-28"/>
      </object_component>
      <object_component id="oc-6b">
         <name>.debug_info</name>
         <load_address>0x205d2</load_address>
         <run_address>0x205d2</run_address>
         <size>0x46</size>
         <input_file_ref idref="fl-28"/>
      </object_component>
      <object_component id="oc-1d7">
         <name>.debug_info</name>
         <load_address>0x20618</load_address>
         <run_address>0x20618</run_address>
         <size>0x1c1</size>
         <input_file_ref idref="fl-29"/>
      </object_component>
      <object_component id="oc-f6">
         <name>.debug_info</name>
         <load_address>0x207d9</load_address>
         <run_address>0x207d9</run_address>
         <size>0x164</size>
         <input_file_ref idref="fl-29"/>
      </object_component>
      <object_component id="oc-290">
         <name>.debug_info</name>
         <load_address>0x2093d</load_address>
         <run_address>0x2093d</run_address>
         <size>0x2c</size>
         <input_file_ref idref="fl-29"/>
      </object_component>
      <object_component id="oc-2af">
         <name>.debug_info</name>
         <load_address>0x20969</load_address>
         <run_address>0x20969</run_address>
         <size>0xcf</size>
         <input_file_ref idref="fl-2a"/>
      </object_component>
      <object_component id="oc-211">
         <name>.debug_info</name>
         <load_address>0x20a38</load_address>
         <run_address>0x20a38</run_address>
         <size>0xdb</size>
         <input_file_ref idref="fl-2a"/>
      </object_component>
      <object_component id="oc-155">
         <name>.debug_info</name>
         <load_address>0x20b13</load_address>
         <run_address>0x20b13</run_address>
         <size>0x172</size>
         <input_file_ref idref="fl-2b"/>
      </object_component>
      <object_component id="oc-152">
         <name>.debug_info</name>
         <load_address>0x20c85</load_address>
         <run_address>0x20c85</run_address>
         <size>0x117</size>
         <input_file_ref idref="fl-2b"/>
      </object_component>
      <object_component id="oc-95">
         <name>.debug_info</name>
         <load_address>0x20d9c</load_address>
         <run_address>0x20d9c</run_address>
         <size>0x1ee</size>
         <input_file_ref idref="fl-2b"/>
      </object_component>
      <object_component id="oc-4e">
         <name>.debug_info</name>
         <load_address>0x20f8a</load_address>
         <run_address>0x20f8a</run_address>
         <size>0xf6</size>
         <input_file_ref idref="fl-2c"/>
      </object_component>
      <object_component id="oc-66">
         <name>.debug_info</name>
         <load_address>0x21080</load_address>
         <run_address>0x21080</run_address>
         <size>0x124</size>
         <input_file_ref idref="fl-2d"/>
      </object_component>
      <object_component id="oc-21c">
         <name>.debug_info</name>
         <load_address>0x211a4</load_address>
         <run_address>0x211a4</run_address>
         <size>0x1a3</size>
         <input_file_ref idref="fl-2e"/>
      </object_component>
      <object_component id="oc-116">
         <name>.debug_info</name>
         <load_address>0x21347</load_address>
         <run_address>0x21347</run_address>
         <size>0x31f</size>
         <input_file_ref idref="fl-2e"/>
      </object_component>
      <object_component id="oc-21d">
         <name>.debug_info</name>
         <load_address>0x21666</load_address>
         <run_address>0x21666</run_address>
         <size>0x2c</size>
         <input_file_ref idref="fl-2e"/>
      </object_component>
      <object_component id="oc-227">
         <name>.debug_info</name>
         <load_address>0x21692</load_address>
         <run_address>0x21692</run_address>
         <size>0x69</size>
         <input_file_ref idref="fl-2e"/>
      </object_component>
      <object_component id="oc-20f">
         <name>.debug_info</name>
         <load_address>0x216fb</load_address>
         <run_address>0x216fb</run_address>
         <size>0xd7</size>
         <input_file_ref idref="fl-2f"/>
      </object_component>
      <object_component id="oc-10a">
         <name>.debug_info</name>
         <load_address>0x217d2</load_address>
         <run_address>0x217d2</run_address>
         <size>0x226</size>
         <input_file_ref idref="fl-2f"/>
      </object_component>
      <object_component id="oc-273">
         <name>.debug_info</name>
         <load_address>0x219f8</load_address>
         <run_address>0x219f8</run_address>
         <size>0x105</size>
         <input_file_ref idref="fl-30"/>
      </object_component>
      <object_component id="oc-14f">
         <name>.debug_info</name>
         <load_address>0x21afd</load_address>
         <run_address>0x21afd</run_address>
         <size>0xf4</size>
         <input_file_ref idref="fl-30"/>
      </object_component>
      <object_component id="oc-26c">
         <name>.debug_info</name>
         <load_address>0x21bf1</load_address>
         <run_address>0x21bf1</run_address>
         <size>0x200</size>
         <input_file_ref idref="fl-30"/>
      </object_component>
      <object_component id="oc-2e2">
         <name>.debug_info</name>
         <load_address>0x21df1</load_address>
         <run_address>0x21df1</run_address>
         <size>0x338</size>
         <input_file_ref idref="fl-31"/>
      </object_component>
      <object_component id="oc-219">
         <name>.debug_info</name>
         <load_address>0x22129</load_address>
         <run_address>0x22129</run_address>
         <size>0x13ed</size>
         <input_file_ref idref="fl-31"/>
      </object_component>
      <object_component id="oc-2e3">
         <name>.debug_info</name>
         <load_address>0x23516</load_address>
         <run_address>0x23516</run_address>
         <size>0x86</size>
         <input_file_ref idref="fl-31"/>
      </object_component>
      <object_component id="oc-36a">
         <name>.debug_info</name>
         <load_address>0x2359c</load_address>
         <run_address>0x2359c</run_address>
         <size>0x46</size>
         <input_file_ref idref="fl-31"/>
      </object_component>
      <object_component id="oc-2e8">
         <name>.debug_info</name>
         <load_address>0x235e2</load_address>
         <run_address>0x235e2</run_address>
         <size>0x39</size>
         <input_file_ref idref="fl-31"/>
      </object_component>
      <object_component id="oc-353">
         <name>.debug_info</name>
         <load_address>0x2361b</load_address>
         <run_address>0x2361b</run_address>
         <size>0xfe</size>
         <input_file_ref idref="fl-32"/>
      </object_component>
      <object_component id="oc-2c6">
         <name>.debug_info</name>
         <load_address>0x23719</load_address>
         <run_address>0x23719</run_address>
         <size>0x16e</size>
         <input_file_ref idref="fl-32"/>
      </object_component>
      <object_component id="oc-361">
         <name>.debug_info</name>
         <load_address>0x23887</load_address>
         <run_address>0x23887</run_address>
         <size>0x142</size>
         <input_file_ref idref="fl-33"/>
      </object_component>
      <object_component id="oc-2cd">
         <name>.debug_info</name>
         <load_address>0x239c9</load_address>
         <run_address>0x239c9</run_address>
         <size>0x165</size>
         <input_file_ref idref="fl-33"/>
      </object_component>
      <object_component id="oc-34b">
         <name>.debug_info</name>
         <load_address>0x23b2e</load_address>
         <run_address>0x23b2e</run_address>
         <size>0x12d</size>
         <input_file_ref idref="fl-34"/>
      </object_component>
      <object_component id="oc-2c1">
         <name>.debug_info</name>
         <load_address>0x23c5b</load_address>
         <run_address>0x23c5b</run_address>
         <size>0x1a3</size>
         <input_file_ref idref="fl-34"/>
      </object_component>
      <object_component id="oc-367">
         <name>.debug_info</name>
         <load_address>0x23dfe</load_address>
         <run_address>0x23dfe</run_address>
         <size>0xd2</size>
         <input_file_ref idref="fl-35"/>
      </object_component>
      <object_component id="oc-2df">
         <name>.debug_info</name>
         <load_address>0x23ed0</load_address>
         <run_address>0x23ed0</run_address>
         <size>0x18c</size>
         <input_file_ref idref="fl-35"/>
      </object_component>
      <object_component id="oc-363">
         <name>.debug_info</name>
         <load_address>0x2405c</load_address>
         <run_address>0x2405c</run_address>
         <size>0xd6</size>
         <input_file_ref idref="fl-36"/>
      </object_component>
      <object_component id="oc-2d2">
         <name>.debug_info</name>
         <load_address>0x24132</load_address>
         <run_address>0x24132</run_address>
         <size>0x211</size>
         <input_file_ref idref="fl-36"/>
      </object_component>
      <object_component id="oc-349">
         <name>.debug_info</name>
         <load_address>0x24343</load_address>
         <run_address>0x24343</run_address>
         <size>0xcb</size>
         <input_file_ref idref="fl-37"/>
      </object_component>
      <object_component id="oc-2bb">
         <name>.debug_info</name>
         <load_address>0x2440e</load_address>
         <run_address>0x2440e</run_address>
         <size>0x1f7</size>
         <input_file_ref idref="fl-37"/>
      </object_component>
      <object_component id="oc-2b5">
         <name>.debug_info</name>
         <load_address>0x24605</load_address>
         <run_address>0x24605</run_address>
         <size>0x167</size>
         <input_file_ref idref="fl-38"/>
      </object_component>
      <object_component id="oc-365">
         <name>.debug_info</name>
         <load_address>0x2476c</load_address>
         <run_address>0x2476c</run_address>
         <size>0xf3</size>
         <input_file_ref idref="fl-39"/>
      </object_component>
      <object_component id="oc-2d8">
         <name>.debug_info</name>
         <load_address>0x2485f</load_address>
         <run_address>0x2485f</run_address>
         <size>0x136</size>
         <input_file_ref idref="fl-39"/>
[...]
         <value>0xaad0</value>
         <object_component_ref idref="oc-7c"/>
      </symbol>
      <symbol id="sm-9c2">
         <name>dmaParityCheck</name>
         <value>0x8eac</value>
         <object_component_ref idref="oc-7c"/>
      </symbol>
      <symbol id="sm-9c3">
         <name>custom_dabort</name>
         <value>0x8df4</value>
         <object_component_ref idref="oc-7c"/>
      </symbol>
      <symbol id="sm-9c4">
         <name>memoryInit</name>
         <value>0x8174</value>
         <object_component_ref idref="oc-7c"/>
      </symbol>
      <symbol id="sm-9c5">
         <name>stcSelfCheck</name>
         <value>0x81b8</value>
         <object_component_ref idref="oc-7c"/>
      </symbol>
      <symbol id="sm-9c6">
         <name>efcGetConfigValue</name>
         <value>0xa660</value>
         <object_component_ref idref="oc-7c"/>
      </symbol>
      <symbol id="sm-9c7">
         <name>can2ParityCheck</name>
         <value>0x94e8</value>
         <object_component_ref idref="oc-7c"/>
      </symbol>
      <symbol id="sm-9c8">
         <name>het1ParityCheck</name>
         <value>0x8f58</value>
         <object_component_ref idref="oc-7c"/>
      </symbol>
      <symbol id="sm-9c9">
         <name>adc1ParityCheck</name>
         <value>0x926c</value>
         <object_component_ref idref="oc-7c"/>
      </symbol>
      <symbol id="sm-9ca">
         <name>checkefcSelfTest</name>
         <value>0x87bc</value>
         <object_component_ref idref="oc-7c"/>
      </symbol>
      <symbol id="sm-9cb">
         <name>checkRAMECC</name>
         <value>0x99d0</value>
         <object_component_ref idref="oc-7c"/>
      </symbol>
      <symbol id="sm-9cc">
         <name>stcSelfCheckFail</name>
         <value>0x8df8</value>
         <object_component_ref idref="oc-7c"/>
      </symbol>
      <symbol id="sm-9cd">
         <name>ccmSelfCheck</name>
         <value>0x8030</value>
         <object_component_ref idref="oc-7c"/>
      </symbol>
      <symbol id="sm-9ce">
         <name>efcCheck</name>
         <value>0x8660</value>
         <object_component_ref idref="oc-7c"/>
      </symbol>
      <symbol id="sm-9cf">
         <name>het2ParityCheck</name>
         <value>0x90c0</value>
         <object_component_ref idref="oc-7c"/>
      </symbol>
      <symbol id="sm-9d0">
         <name>adc2ParityCheck</name>
         <value>0x9358</value>
         <object_component_ref idref="oc-7c"/>
      </symbol>
      <symbol id="sm-9d1">
         <name>cpuSelfTest</name>
         <value>0x8234</value>
         <object_component_ref idref="oc-7c"/>
      </symbol>
      <symbol id="sm-9d2">
         <name>htu1ParityCheck</name>
         <value>0x9004</value>
         <object_component_ref idref="oc-7c"/>
      </symbol>
      <symbol id="sm-9d3">
         <name>checkFlashECC</name>
         <value>0x8d18</value>
         <object_component_ref idref="oc-7c"/>
      </symbol>
      <symbol id="sm-9d4">
         <name>cpuSelfTestFail</name>
         <value>0x8dfc</value>
         <object_component_ref idref="oc-7c"/>
      </symbol>
      <symbol id="sm-9d5">
         <name>checkPLL1Slip</name>
         <value>0x9e8c</value>
         <object_component_ref idref="oc-7c"/>
      </symbol>
      <symbol id="sm-9d6">
         <name>mibspi1ParityCheck</name>
         <value>0x9684</value>
         <object_component_ref idref="oc-7c"/>
      </symbol>
      <symbol id="sm-9d7">
         <name>ccmr4GetConfigValue</name>
         <value>0xa6fc</value>
         <object_component_ref idref="oc-7c"/>
      </symbol>
      <symbol id="sm-9d8">
         <name>htu2ParityCheck</name>
         <value>0x91bc</value>
         <object_component_ref idref="oc-7c"/>
      </symbol>
      <symbol id="sm-9d9">
         <name>pbistPortTestStatus</name>
         <value>0x8608</value>
         <object_component_ref idref="oc-7c"/>
      </symbol>
      <symbol id="sm-9da">
         <name>checkFlashEEPROMECC</name>
         <value>0x9cf4</value>
         <object_component_ref idref="oc-7c"/>
      </symbol>
      <symbol id="sm-9db">
         <name>pbistGetConfigValue</name>
         <value>0xa470</value>
         <object_component_ref idref="oc-7c"/>
      </symbol>
      <symbol id="sm-9dc">
         <name>vimParityCheck</name>
         <value>0x8e00</value>
         <object_component_ref idref="oc-7c"/>
      </symbol>
      <symbol id="sm-9dd">
         <name>pbistIsTestCompleted</name>
         <value>0x85a8</value>
         <object_component_ref idref="oc-7c"/>
      </symbol>
      <symbol id="sm-9de">
         <name>disableParity</name>
         <value>0xab58</value>
         <object_component_ref idref="oc-7c"/>
      </symbol>
      <symbol id="sm-9df">
         <name>pbistRun</name>
         <value>0x84ac</value>
         <object_component_ref idref="oc-7c"/>
      </symbol>
      <symbol id="sm-9e0">
         <name>pbistFail</name>
         <value>0xa3ec</value>
         <object_component_ref idref="oc-7c"/>
      </symbol>
      <symbol id="sm-9e1">
         <name>selftestFailNotification</name>
         <value>0x8020</value>
         <object_component_ref idref="oc-7c"/>
      </symbol>
      <symbol id="sm-9e2">
         <name>errata_PBIST_4</name>
         <value>0xa76c</value>
         <object_component_ref idref="oc-7c"/>
      </symbol>
      <symbol id="sm-9e3">
         <name>mibspi3ParityCheck</name>
         <value>0x978c</value>
         <object_component_ref idref="oc-7c"/>
      </symbol>
      <symbol id="sm-9e4">
         <name>efcSelfTest</name>
         <value>0x8794</value>
         <object_component_ref idref="oc-7c"/>
      </symbol>
      <symbol id="sm-9e5">
         <name>checkB1RAMECC</name>
         <value>0x8b28</value>
         <object_component_ref idref="oc-7c"/>
      </symbol>
      <symbol id="sm-9e6">
         <name>pbistStop</name>
         <value>0x8578</value>
         <object_component_ref idref="oc-7c"/>
      </symbol>
      <symbol id="sm-9e7">
         <name>can3ParityCheck</name>
         <value>0x95b0</value>
         <object_component_ref idref="oc-7c"/>
      </symbol>
      <symbol id="sm-9e8">
         <name>checkRAMAddrParity</name>
         <value>0xa050</value>
         <object_component_ref idref="oc-7c"/>
      </symbol>
      <symbol id="sm-9e9">
         <name>mibspi5ParityCheck</name>
         <value>0x98b0</value>
         <object_component_ref idref="oc-7c"/>
      </symbol>
      <symbol id="sm-9ea">
         <name>checkB0RAMECC</name>
         <value>0x8938</value>
         <object_component_ref idref="oc-7c"/>
      </symbol>
      <symbol id="sm-9eb">
         <name>stcGetConfigValue</name>
         <value>0xa5bc</value>
         <object_component_ref idref="oc-7c"/>
      </symbol>
      <symbol id="sm-9ec">
         <name>pbistIsTestPassed</name>
         <value>0x85d4</value>
         <object_component_ref idref="oc-7c"/>
      </symbol>
      <symbol id="sm-9ed">
         <name>checkClockMonitor</name>
         <value>0x9c18</value>
         <object_component_ref idref="oc-7c"/>
      </symbol>
      <symbol id="sm-9ee">
         <name>fmcECCcheck</name>
         <value>0x8898</value>
         <object_component_ref idref="oc-7c"/>
      </symbol>
      <symbol id="sm-9ef">
         <name>fmcBus2Check</name>
         <value>0x885c</value>
         <object_component_ref idref="oc-7c"/>
      </symbol>
      <symbol id="sm-9f0">
         <name>checkRAMUERRTest</name>
         <value>0xa15c</value>
         <object_component_ref idref="oc-7c"/>
      </symbol>
      <symbol id="sm-9f1">
         <name>efcStuckZeroTest</name>
         <value>0x86e8</value>
         <object_component_ref idref="oc-7c"/>
      </symbol>
      <symbol id="sm-9f2">
         <name>checkPLL2Slip</name>
         <value>0x9f8c</value>
         <object_component_ref idref="oc-7c"/>
      </symbol>
      <symbol id="sm-a1c">
         <name>_c_int00</name>
         <value>0x1148c</value>
         <object_component_ref idref="oc-20"/>
      </symbol>
      <symbol id="sm-ab3">
         <name>vimChannelMap</name>
         <value>0xe7d0</value>
         <object_component_ref idref="oc-41"/>
      </symbol>
      <symbol id="sm-ab4">
         <name>vimInit</name>
         <value>0xe6fc</value>
         <object_component_ref idref="oc-41"/>
      </symbol>
      <symbol id="sm-ab5">
         <name>vimEnableInterrupt</name>
         <value>0xe874</value>
         <object_component_ref idref="oc-41"/>
      </symbol>
      <symbol id="sm-ab6">
         <name>vimDisableInterrupt</name>
         <value>0xe9cc</value>
         <object_component_ref idref="oc-41"/>
      </symbol>
      <symbol id="sm-ab7">
         <name>vimGetConfigValue</name>
         <value>0xea50</value>
         <object_component_ref idref="oc-41"/>
      </symbol>
      <symbol id="sm-ab8">
         <name>vimParityErrorHandler</name>
         <value>0x11724</value>
         <object_component_ref idref="oc-40"/>
      </symbol>
      <symbol id="sm-b12">
         <name>systemGetConfigValue</name>
         <value>0xc0bc</value>
         <object_component_ref idref="oc-76"/>
      </symbol>
      <symbol id="sm-b13">
         <name>trimLPO</name>
         <value>0xbdbc</value>
         <object_component_ref idref="oc-76"/>
      </symbol>
      <symbol id="sm-b14">
         <name>systemInit</name>
         <value>0xbfc0</value>
         <object_component_ref idref="oc-76"/>
      </symbol>
      <symbol id="sm-b15">
         <name>tcmflashGetConfigValue</name>
         <value>0xc4d0</value>
         <object_component_ref idref="oc-76"/>
      </symbol>
      <symbol id="sm-b16">
         <name>sramGetConfigValue</name>
         <value>0xc67c</value>
         <object_component_ref idref="oc-76"/>
      </symbol>
      <symbol id="sm-b17">
         <name>periphInit</name>
         <value>0xbe44</value>
         <object_component_ref idref="oc-76"/>
      </symbol>
      <symbol id="sm-b18">
         <name>setupFlash</name>
         <value>0xbe04</value>
         <object_component_ref idref="oc-76"/>
      </symbol>
      <symbol id="sm-b19">
         <name>setupPLL</name>
         <value>0xbd5c</value>
         <object_component_ref idref="oc-76"/>
      </symbol>
      <symbol id="sm-b1a">
         <name>mapClocks</name>
         <value>0xbe98</value>
         <object_component_ref idref="oc-76"/>
      </symbol>
      <symbol id="sm-b1b">
         <name>systemPowerDown</name>
         <value>0xc08c</value>
         <object_component_ref idref="oc-76"/>
      </symbol>
      <symbol id="sm-b30">
         <name>atoi</name>
         <value>0x12a21</value>
         <object_component_ref idref="oc-10c"/>
      </symbol>
      <symbol id="sm-b56">
         <name>__TI_auto_init</name>
         <value>0x12891</value>
         <object_component_ref idref="oc-88"/>
      </symbol>
      <symbol id="sm-b6d">
         <name>__TI_decompress_none</name>
         <value>0x12d0d</value>
         <object_component_ref idref="oc-e"/>
      </symbol>
      <symbol id="sm-b8f">
         <name>__TI_decompress_rle24</name>
         <value>0x12d27</value>
         <object_component_ref idref="oc-14"/>
      </symbol>
      <symbol id="sm-ba1">
         <name>__TI_zero_init</name>
         <value>0x12d1b</value>
         <object_component_ref idref="oc-1a"/>
      </symbol>
      <symbol id="sm-bbb">
         <name>copy_in</name>
         <value>0x12a71</value>
         <object_component_ref idref="oc-f2"/>
      </symbol>
      <symbol id="sm-bc6">
         <name>_ctypes_</name>
         <value>0x12eb0</value>
         <object_component_ref idref="oc-210"/>
      </symbol>
      <symbol id="sm-be5">
         <name>C$$EXIT</name>
         <value>0x12b01</value>
         <object_component_ref idref="oc-94"/>
      </symbol>
      <symbol id="sm-be6">
         <name>abort</name>
         <value>0x12b05</value>
         <object_component_ref idref="oc-94"/>
      </symbol>
      <symbol id="sm-be7">
         <name>exit</name>
         <value>0x12b0d</value>
         <object_component_ref idref="oc-94"/>
      </symbol>
      <symbol id="sm-be8">
         <name>__TI_dtors_ptr</name>
         <value>0x8003168</value>
         <object_component_ref idref="oc-151"/>
      </symbol>
      <symbol id="sm-be9">
         <name>__TI_cleanup_ptr</name>
         <value>0x8003164</value>
         <object_component_ref idref="oc-151"/>
      </symbol>
      <symbol id="sm-c04">
         <name>memcpy</name>
         <value>0x126e3</value>
         <object_component_ref idref="oc-4c"/>
      </symbol>
      <symbol id="sm-c05">
         <name>__aeabi_memcpy</name>
         <value>0x126e3</value>
         <object_component_ref idref="oc-4c"/>
      </symbol>
      <symbol id="sm-c06">
         <name>__aeabi_memcpy8</name>
         <value>0x126e3</value>
         <object_component_ref idref="oc-4c"/>
      </symbol>
      <symbol id="sm-c07">
         <name>__aeabi_memcpy4</name>
         <value>0x126e3</value>
         <object_component_ref idref="oc-4c"/>
      </symbol>
      <symbol id="sm-c16">
         <name>__aeabi_memset</name>
         <value>0x12817</value>
         <object_component_ref idref="oc-65"/>
      </symbol>
      <symbol id="sm-c17">
         <name>memset</name>
         <value>0x1281d</value>
         <object_component_ref idref="oc-65"/>
      </symbol>
      <symbol id="sm-c18">
         <name>__aeabi_memset8</name>
         <value>0x12817</value>
         <object_component_ref idref="oc-65"/>
      </symbol>
      <symbol id="sm-c19">
         <name>__aeabi_memset4</name>
         <value>0x12817</value>
         <object_component_ref idref="oc-65"/>
      </symbol>
      <symbol id="sm-c1a">
         <name>__aeabi_memclr8</name>
         <value>0x12815</value>
         <object_component_ref idref="oc-65"/>
      </symbol>
      <symbol id="sm-c1b">
         <name>__aeabi_memclr4</name>
         <value>0x12815</value>
         <object_component_ref idref="oc-65"/>
      </symbol>
      <symbol id="sm-c1c">
         <name>__aeabi_memclr</name>
         <value>0x12815</value>
         <object_component_ref idref="oc-65"/>
      </symbol>
      <symbol id="sm-c3d">
         <name>snprintf</name>
         <value>0x12781</value>
         <object_component_ref idref="oc-112"/>
      </symbol>
      <symbol id="sm-c4d">
         <name>strncpy</name>
         <value>0x12bbd</value>
         <object_component_ref idref="oc-106"/>
      </symbol>
      <symbol id="sm-c66">
         <name>_nop</name>
         <value>0x12d07</value>
         <object_component_ref idref="oc-26b"/>
      </symbol>
      <symbol id="sm-c67">
         <name>_lock</name>
         <value>0x800315c</value>
         <object_component_ref idref="oc-14e"/>
      </symbol>
      <symbol id="sm-c68">
         <name>_unlock</name>
         <value>0x8003160</value>
         <object_component_ref idref="oc-14e"/>
      </symbol>
      <symbol id="sm-c69">
         <name>_register_lock</name>
         <value>0x12cff</value>
         <object_component_ref idref="oc-26b"/>
      </symbol>
      <symbol id="sm-c6a">
         <name>_register_unlock</name>
         <value>0x12cf9</value>
         <object_component_ref idref="oc-26b"/>
      </symbol>
      <symbol id="sm-d62">
         <name>__TI_printfi</name>
         <value>0xba57</value>
         <object_component_ref idref="oc-215"/>
      </symbol>
      <symbol id="sm-d6f">
         <name>frexp</name>
         <value>0x12c8b</value>
         <object_component_ref idref="oc-2c3"/>
      </symbol>
      <symbol id="sm-d80">
         <name>ldexp</name>
         <value>0x12abd</value>
         <object_component_ref idref="oc-2c9"/>
      </symbol>
      <symbol id="sm-d8f">
         <name>ltoa</name>
         <value>0x129cb</value>
         <object_component_ref idref="oc-2bd"/>
      </symbol>
      <symbol id="sm-d9f">
         <name>memccpy</name>
         <value>0x12caf</value>
         <object_component_ref idref="oc-2db"/>
      </symbol>
      <symbol id="sm-daf">
         <name>strchr</name>
         <value>0x12ccb</value>
         <object_component_ref idref="oc-2cf"/>
      </symbol>
      <symbol id="sm-dbd">
         <name>strlen</name>
         <value>0x12ce1</value>
         <object_component_ref idref="oc-2b7"/>
      </symbol>
      <symbol id="sm-de7">
         <name>__aeabi_uldivmod</name>
         <value>0x111d4</value>
         <object_component_ref idref="oc-2b2"/>
      </symbol>
      <symbol id="sm-df5">
         <name>_Dclass</name>
         <value>0x12b81</value>
         <object_component_ref idref="oc-2d5"/>
      </symbol>
      <symbol id="sm-e16">
         <name>_Dscale</name>
         <value>0x12029</value>
         <object_component_ref idref="oc-354"/>
      </symbol>
      <symbol id="sm-e29">
         <name>_Dunscale</name>
         <value>0x12967</value>
         <object_component_ref idref="oc-34c"/>
      </symbol>
      <symbol id="sm-e37">
         <name>_Feraise</name>
         <value>0x12c29</value>
         <object_component_ref idref="oc-35a"/>
      </symbol>
      <symbol id="sm-e47">
         <name>_Rteps</name>
         <value>0x8003110</value>
         <object_component_ref idref="oc-390"/>
      </symbol>
      <symbol id="sm-e48">
         <name>_Zero</name>
         <value>0x8003128</value>
         <object_component_ref idref="oc-390"/>
      </symbol>
      <symbol id="sm-e49">
         <name>_Hugeval</name>
         <value>0x80030d0</value>
         <object_component_ref idref="oc-390"/>
      </symbol>
      <symbol id="sm-e4a">
         <name>_Snan</name>
         <value>0x8003100</value>
         <object_component_ref idref="oc-390"/>
      </symbol>
      <symbol id="sm-e4b">
         <name>_Nan</name>
         <value>0x80030f0</value>
         <object_component_ref idref="oc-390"/>
      </symbol>
      <symbol id="sm-e4c">
         <name>_Inf</name>
         <value>0x80030e0</value>
         <object_component_ref idref="oc-390"/>
      </symbol>
      <symbol id="sm-e4d">
         <name>_Xbig</name>
         <value>0x8003120</value>
         <object_component_ref idref="oc-390"/>
      </symbol>
      <symbol id="sm-e4e">
         <name>_Eps</name>
         <value>0x80030c0</value>
         <object_component_ref idref="oc-390"/>
      </symbol>
      <symbol id="sm-e4f">
         <name>_Denorm</name>
         <value>0x80030b0</value>
         <object_component_ref idref="oc-390"/>
      </symbol>
      <symbol id="sm-e57">
         <name>_Errno</name>
         <value>0x8003174</value>
         <object_component_ref idref="oc-39b"/>
      </symbol>
      <symbol id="sm-e75">
         <name>feraiseexcept</name>
         <value>0x12bf5</value>
         <object_component_ref idref="oc-395"/>
      </symbol>
      <symbol id="sm-e76">
         <name>_Tls_setup__Fenv</name>
         <value>0x8003170</value>
         <object_component_ref idref="oc-3ba"/>
      </symbol>
      <symbol id="sm-e77">
         <name>_Fenv</name>
         <value>0x800316c</value>
         <object_component_ref idref="oc-3ba"/>
      </symbol>
      <symbol id="sm-e8b">
         <name>raise</name>
         <value>0x12c5d</value>
         <object_component_ref idref="oc-3b4"/>
      </symbol>
      <symbol id="sm-ea5">
         <name>signal</name>
         <value>0x12b41</value>
         <object_component_ref idref="oc-3c2"/>
      </symbol>
      <symbol id="sm-eba">
         <name>_Dnorm</name>
         <value>0x1261d</value>
         <object_component_ref idref="oc-386"/>
      </symbol>
      <symbol id="sm-ebb">
         <name>__TI_static_base__</name>
         <value>0x0</value>
      </symbol>
      <symbol id="sm-ebf">
         <name>SHT$$INIT_ARRAY$$Base</name>
         <value>0x0</value>
      </symbol>
      <symbol id="sm-ec0">
         <name>SHT$$INIT_ARRAY$$Limit</name>
         <value>0x0</value>
      </symbol>
   </symbol_table>
   <title>Link successful</title>
</link_info>
