******************************************************************************
                  TI ARM Linker PC v5.2.5                      
******************************************************************************
>> Linked Wed Mar 23 18:26:04 2016

OUTPUT FILE NAME:   <free_rtos_2task.out>
ENTRY POINT SYMBOL: "_c_int00"  address: 0001122c


MEMORY CONFIGURATION

         name            origin    length      used     unused   attr    fill
----------------------  --------  ---------  --------  --------  ----  --------
  VECTORS               00000000   00000020  00000020  00000000     X
  KERNEL                00000020   00008000  00003ad0  00004530  R  X
  FLASH0                00008020   00177fe0  0000ad68  0016d278  R  X
  FLASH1                00180000   00180000  00000000  00180000  R  X
  STACKS                08000000   00000800  00000000  00000800  RW  
  KRAM                  08000800   00000800  0000016c  00000694  RW  
  RAM                   08001000   0003f000  000021f4  0003ce0c  RW  


SEGMENT ALLOCATION MAP

run origin  load origin   length   init length attrs members
----------  ----------- ---------- ----------- ----- -------
00000000    00000000    00003af0   00003af0    r-x
  00000000    00000000    00000020   00000020    r-x .intvecs
  00000020    00000020    00003a30   00003a30    r-x .kernelTEXT
  00003a50    00003a50    000000a0   000000a0    r-- .cinit
00008020    00008020    0000ad68   0000ad68    r-x
  00008020    00008020    0000aab0   0000aab0    r-x .text
  00012ad0    00012ad0    000002b8   000002b8    r-- .const
08000800    08000800    0000016c   00000000    rw-
  08000800    08000800    0000016c   00000000    rw- .kernelBSS
08001000    08001000    000021f4   00000000    rw-
  08001000    08001000    00002000   00000000    rw- .kernelHEAP
  08003000    08003000    00000178   00000000    rw- .data
  08003178    08003178    0000007c   00000000    rw- .bss


SECTION ALLOCATION MAP

 output                                  attributes/
section   page    origin      length       input sections
--------  ----  ----------  ----------   ----------------
.intvecs   0    00000000    00000020     
                  00000000    00000020     sys_intvecs.obj (.intvecs)

.kernelTEXT 
*          0    00000020    00003a30     
                  00000020    00001cd8     os_tasks.obj (.kernelTEXT)
                  00001cf8    00001124     os_queue.obj (.kernelTEXT)
                  00002e1c    000004b0     os_portasm.obj (.kernelTEXT)
                  000032cc    000003e0     os_port.obj (.kernelTEXT)
                  000036ac    000003a4     os_heap.obj (.kernelTEXT)

.cinit     0    00003a50    000000a0     
                  00003a50    00000042     (.cinit..data.load) [load image, compression = rle]
                  00003a92    00000006     --HOLE-- [fill = 0]
                  00003a98    00000016     (.cinit..kernelBSS.load) [load image, compression = rle]
                  00003aae    00000002     --HOLE-- [fill = 0]
                  00003ab0    0000000c     (__TI_handler_table)
                  00003abc    00000004     --HOLE-- [fill = 0]
                  00003ac0    00000008     (.cinit..bss.load) [load image, compression = zero_init]
                  00003ac8    00000008     (.cinit..kernelHEAP.load) [load image, compression = zero_init]
                  00003ad0    00000020     (__TI_cinit_table)

.text      0    00008020    0000aab0     
                  00008020    00002cdc     sys_selftest.obj (.text)
                  0000acfc    00001060     rtsv7R4_T_be_v3D16_eabi.lib : _printfi.obj (.text)
                  0000bd5c    00000b28     system.obj (.text)
                  0000c884    00000b0c     can.obj (.text)
                  0000d390    000009d4     sci.obj (.text)
                  0000dd64    0000089c     sys_vim.obj (.text)
                  0000e600    00000844     os_tasks.obj (.text)
                  0000ee44    00000738     sys_main.obj (.text)
                  0000f57c    00000638     pinmux.obj (.text)
                  0000fbb4    000005e8     esm.obj (.text)
                  0001019c    00000588     os_mpu_wrappers.obj (.text)
                  00010724    00000484     gio.obj (.text)
                  00010ba8    000003cc     sys_core.obj (.text)
                  00010f74    000002b8     rtsv7R4_T_be_v3D16_eabi.lib : ull_div32.obj (.text)
                  0001122c    00000298     sys_startup.obj (.text:retain)
                  000114c4    00000294     sys_vim.obj (.text:retain)
                  00011758    00000284     os_heap.obj (.text)
                  000119dc    00000238     os_list.obj (.text)
                  00011c14    000001b4     os_port.obj (.text)
                  00011dc8    00000118     rtsv7R4_T_be_v3D16_eabi.lib : xdscale.obj (.text)
                  00011ee0    00000114     esm.obj (.text:retain)
                  00011ff4    00000110     sys_pmu.obj (.text)
                  00012104    00000100     can.obj (.text:retain)
                  00012204    000000e8     dabort.obj (.text)
                  000122ec    000000d0     notification.obj (.text)
                  000123bc    000000c6     rtsv7R4_T_be_v3D16_eabi.lib : xdnorm.obj (.text)
                  00012482    0000009c                                 : memcpy_t2.obj (.text)
                  0001251e    00000002     --HOLE-- [fill = 0]
                  00012520    00000094                                 : snprintf.obj (.text)
                  000125b4    0000007a                                 : memset_t2.obj (.text)
                  0001262e    00000002     --HOLE-- [fill = 0]
                  00012630    0000006c                                 : autoinit.obj (.text)
                  0001269c    0000006a                                 : copy_decompress_rle.obj (.text)
                  00012706    00000064                                 : xdunscal.obj (.text)
                  0001276a    00000056                                 : ltoa.obj (.text)
                  000127c0    00000050                                 : atoi.obj (.text)
                  00012810    0000004c                                 : cpy_tbl.obj (.text)
                  0001285c    00000044                                 : ldexp.obj (.text)
                  000128a0    00000040                                 : exit.obj (.text)
                  000128e0    00000040                                 : signal.obj (.text)
                  00012920    0000003c                                 : xdclass.obj (.text)
                  0001295c    00000036                                 : strncpy.obj (.text)
                  00012992    00000002     --HOLE-- [fill = 0]
                  00012994    00000034                                 : feraiseexcept.obj (.text)
                  000129c8    00000034                                 : xferaise.obj (.text)
                  000129fc    0000002e                                 : raise.obj (.text)
                  00012a2a    00000024                                 : frexp.obj (.text)
                  00012a4e    0000001c                                 : memccpy.obj (.text)
                  00012a6a    00000016                                 : strchr.obj (.text)
                  00012a80    00000016                                 : strlen.obj (.text)
                  00012a96    00000002     --HOLE-- [fill = 0]
                  00012a98    00000014                                 : _lock.obj (.text)
                  00012aac    0000000e                                 : copy_decompress_none.obj (.text:decompress:none)
                  00012aba    0000000c                                 : copy_zero_init.obj (.text:decompress:ZI)
                  00012ac6    00000006                                 : copy_decompress_rle.obj (.text:decompress:rle24)
                  00012acc    00000004     sys_phantom.obj (.text:retain)

.const     0    00012ad0    000002b8     
                  00012ad0    00000180     sys_vim.obj (.const:s_vim_init)
                  00012c50    00000101     rtsv7R4_T_be_v3D16_eabi.lib : ctype.obj (.const:.string:_ctypes_)
                  00012d51    00000003     --HOLE-- [fill = 0]
                  00012d54    00000020     can.obj (.const)
                  00012d74    00000010     sys_main.obj (.const)
                  00012d84    00000004     os_heap.obj (.const)

.kernelBSS 
*          0    08000800    0000016c     UNINITIALIZED
                  08000800    00000134     os_tasks.obj (.kernelBSS:uninit)
                  08000934    00000030     os_tasks.obj (.kernelBSS:init)
                  08000964    00000008     os_port.obj (.kernelBSS)

.kernelHEAP 
*          0    08001000    00002000     UNINITIALIZED
                  08001000    00002000     os_heap.obj (.kernelHEAP)

.data      0    08003000    00000178     UNINITIALIZED
                  08003000    000000b0     rtsv7R4_T_be_v3D16_eabi.lib : signal.obj (.data:sigtable)
                  080030b0    00000080                                 : xvalues.obj (.data)
                  08003130    0000001c     sys_main.obj (.data)
                  0800314c    00000010     os_heap.obj (.data)
                  0800315c    00000008     rtsv7R4_T_be_v3D16_eabi.lib : _lock.obj (.data)
                  08003164    00000008                                 : exit.obj (.data)
                  0800316c    00000008                                 : feraiseexcept.obj (.data)
                  08003174    00000004                                 : errno.obj (.data)

.TI.persistent 
*          0    08003000    00000000     UNINITIALIZED

.bss       0    08003178    0000007c     UNINITIALIZED
                  08003178    00000028     sci.obj (.bss:g_sciTransfer_t)
                  080031a0    00000008     (.common:rxMbox1)
                  080031a8    00000008     (.common:rxMbox2)
                  080031b0    00000008     (.common:rx_data)
                  080031b8    00000008     (.common:xStart)
                  080031c0    00000004     (.common:absSem)
                  080031c4    00000004     (.common:absTaskTcb)
                  080031c8    00000004     (.common:canIntRxSem)
                  080031cc    00000004     (.common:canTaskTcb)
                  080031d0    00000004     (.common:mailBox)
                  080031d4    00000004     (.common:pubSpeed)
                  080031d8    00000004     (.common:rxIntMbox1)
                  080031dc    00000004     (.common:steerSem)
                  080031e0    00000004     (.common:steerTaskTcb)
                  080031e4    00000004     (.common:uartAbsTaskTcb)
                  080031e8    00000004     (.common:uartAbsTxSem)
                  080031ec    00000004     (.common:uartSteerTaskTcb)
                  080031f0    00000004     (.common:uartSteerTxSem)

.TI.noinit 
*          0    08003178    00000000     UNINITIALIZED


LINKER GENERATED COPY TABLES

__TI_cinit_table @ 00003ad0 records: 4, size/record: 8, table size: 32
	.data: load addr=00003a50, load size=00000042 bytes, run addr=08003000, run size=00000178 bytes, compression=rle
	.kernelBSS: load addr=00003a98, load size=00000016 bytes, run addr=08000800, run size=0000016c bytes, compression=rle
	.bss: load addr=00003ac0, load size=00000008 bytes, run addr=08003178, run size=0000007c bytes, compression=zero_init
	.kernelHEAP: load addr=00003ac8, load size=00000008 bytes, run addr=08001000, run size=00002000 bytes, compression=zero_init


LINKER GENERATED HANDLER TABLE

__TI_handler_table @ 00003ab0 records: 3, size/record: 4, table size: 12
	index: 0, handler: __TI_decompress_rle24
	index: 1, handler: __TI_decompress_none
	index: 2, handler: __TI_zero_init


GLOBAL SYMBOLS: SORTED ALPHABETICALLY BY Name 

address   name                                
-------   ----                                
000128a1  C$$EXIT                             
00010674  MPU_pvPortMalloc                    
00010538  MPU_uxQueueMessagesWaiting          
0001040c  MPU_uxTaskGetNumberOfTasks          
00010438  MPU_uxTaskGetStackHighWaterMark     
000102d0  MPU_uxTaskPriorityGet               
000106a8  MPU_vPortFree                       
000106d4  MPU_vPortInitialiseBlocks           
000105c0  MPU_vQueueDelete                    
00010210  MPU_vTaskAllocateMPURegions         
000102a4  MPU_vTaskDelay                      
00010270  MPU_vTaskDelayUntil                 
00010244  MPU_vTaskDelete                     
00010304  MPU_vTaskPrioritySet                
00010364  MPU_vTaskResume                     
00010338  MPU_vTaskSuspend                    
00010390  MPU_vTaskSuspendAll                 
000106f8  MPU_xPortGetFreeHeapSize            
00010498  MPU_xQueueGenericCreate             
0001056c  MPU_xQueueGenericReceive            
000105ec  MPU_xQueueGenericReset              
000104e4  MPU_xQueueGenericSend               
00010630  MPU_xQueuePeekFromISR               
0001019c  MPU_xTaskGenericCreate              
0001046c  MPU_xTaskGetSchedulerState          
000103e0  MPU_xTaskGetTickCount               
000103b4  MPU_xTaskResumeAll                  
UNDEFED   SHT$$INIT_ARRAY$$Base               
UNDEFED   SHT$$INIT_ARRAY$$Limit              
00012921  _Dclass                             
080030b0  _Denorm                             
000123bd  _Dnorm                              
00011dc9  _Dscale                             
00012707  _Dunscale                           
080030c0  _Eps                                
08003174  _Errno                              
0800316c  _Fenv                               
000129c9  _Feraise                            
080030d0  _Hugeval                            
080030e0  _Inf                                
080030f0  _Nan                                
08003110  _Rteps                              
08003100  _Snan                               
08003170  _Tls_setup__Fenv                    
08003120  _Xbig                               
08003128  _Zero                               
00003ad0  __TI_CINIT_Base                     
00003af0  __TI_CINIT_Limit                    
00003ab0  __TI_Handler_Table_Base             
00003abc  __TI_Handler_Table_Limit            
00010f6c  __TI_PINIT_Base                     
00010f70  __TI_PINIT_Limit                    
00012631  __TI_auto_init                      
08003164  __TI_cleanup_ptr                    
00012aad  __TI_decompress_none                
00012ac7  __TI_decompress_rle24               
08003168  __TI_dtors_ptr                      
0000ba57  __TI_printfi                        
00000000  __TI_static_base__                  
00012abb  __TI_zero_init                      
000125b5  __aeabi_memclr                      
000125b5  __aeabi_memclr4                     
000125b5  __aeabi_memclr8                     
00012483  __aeabi_memcpy                      
00012483  __aeabi_memcpy4                     
00012483  __aeabi_memcpy8                     
000125b7  __aeabi_memset                      
000125b7  __aeabi_memset4                     
000125b7  __aeabi_memset8                     
00010f74  __aeabi_uldivmod                    
ffffffff  __binit__                           
ffffffff  __c_args__                          
0001122c  _c_int00                            
00010e64  _coreClearAuxiliaryDataFault_       
00010e80  _coreClearAuxiliaryInstructionFault_
00010e2c  _coreClearDataFaultAddress_         
00010df4  _coreClearDataFault_                
00010e48  _coreClearInstructionFaultAddress_  
00010e10  _coreClearInstructionFault_         
00010d58  _coreDisableEventBusExport_         
00010dbc  _coreDisableFlashEcc_               
00010d88  _coreDisableRamEcc_                 
00010d40  _coreEnableEventBusExport_          
00010da0  _coreEnableFlashEcc_                
00010dd4  _coreEnableIrqVicOffset_            
00010d70  _coreEnableRamEcc_                  
00010d20  _coreEnableVfp_                     
00010e5c  _coreGetAuxiliaryDataFault_         
00010e78  _coreGetAuxiliaryInstructionFault_  
00010e24  _coreGetDataFaultAddress_           
00010dec  _coreGetDataFault_                  
00010e40  _coreGetInstructionFaultAddress_    
00010e08  _coreGetInstructionFault_           
00010ba8  _coreInitRegisters_                 
00010cb4  _coreInitStackPointer_              
00012c50  _ctypes_                            
00012204  _dabort                             
00010e9c  _disable_FIQ_interrupt_             
00010ea4  _disable_IRQ_interrupt_             
00010e94  _disable_interrupt_                 
00010eac  _enable_interrupt_                  
00010f3c  _errata_CORTEXR4_57_                
00010f54  _errata_CORTEXR4_66_                
00010eb4  _esmCcmErrorsClear_                 
00010d00  _getCPSRValue_                      
00010d08  _gotoCPUIdle_                       
0800315c  _lock                               
00012aa7  _nop                                
00012060  _pmuDisableCountersGlobal_          
00012048  _pmuEnableCountersGlobal_           
000120dc  _pmuGetCycleCount_                  
000120e4  _pmuGetEventCount_                  
000120f0  _pmuGetOverflow_                    
00011ff4  _pmuInit_                           
000120a8  _pmuResetCounters_                  
00012078  _pmuResetCycleCounter_              
00012090  _pmuResetEventCounters_             
000120d0  _pmuSetCountEvent_                  
000120c0  _pmuStartCounters_                  
000120c8  _pmuStopCounters_                   
00012a9f  _register_lock                      
00012a99  _register_unlock                    
08003160  _unlock                             
000128a5  abort                               
080031c0  absSem                              
0000ef80  absTask                             
080031c4  absTaskTcb                          
0000926c  adc1ParityCheck                     
00009358  adc2ParityCheck                     
000127c1  atoi                                
ffffffff  binit                               
0000f3e0  calculateSteerSensitivity           
0000f420  calculateWheelSlip                  
0000d1bc  can1GetConfigValue                  
00012104  can1HighLevelInterrupt              
00009410  can1ParityCheck                     
000094e8  can2ParityCheck                     
000095b0  can3ParityCheck                     
0000d05c  canDisableErrorNotification         
0000d03c  canDisableStatusChangeNotification  
0000d0b4  canDisableloopback                  
0000cffc  canEnableErrorNotification          
0000d01c  canEnableStatusChangeNotification   
0000d07c  canEnableloopback                   
00012344  canErrorNotification                
0000cda4  canFillMessageObjectData            
0000cacc  canGetData                          
0000cfd8  canGetErrorLevel                    
0000cc24  canGetID                            
0000cfb4  canGetLastError                     
0000c884  canInit                             
080031c8  canIntRxSem                         
0000d1a0  canIoRxGetBit                       
0000d0e4  canIoSetDirection                   
0000d134  canIoSetPort                        
0000d184  canIoTxGetBit                       
0000cf58  canIsMessageBoxValid                
0000cefc  canIsRxMessageArrived               
0000cea0  canIsTxMessagePending               
0000f384  canMessageNotification              
0000cd04  canSendRemoteFrame                  
00012358  canStatusChangeNotification         
0000ee44  canTask                             
080031cc  canTaskTcb                          
0000c9d0  canTransmit                         
0000cc8c  canUpdateID                         
00008030  ccmSelfCheck                        
0000a6fc  ccmr4GetConfigValue                 
00008938  checkB0RAMECC                       
00008b28  checkB1RAMECC                       
00009c18  checkClockMonitor                   
00008d18  checkFlashECC                       
00009cf4  checkFlashEEPROMECC                 
00009e8c  checkPLL1Slip                       
00009f8c  checkPLL2Slip                       
0000a050  checkRAMAddrParity                  
000099d0  checkRAMECC                         
0000a15c  checkRAMUERRTest                    
000087bc  checkefcSelfTest                    
00012811  copy_in                             
00008234  cpuSelfTest                         
00008dfc  cpuSelfTestFail                     
00008df4  custom_dabort                       
0000ab58  disableParity                       
000123a8  dmaGroupANotification               
00008eac  dmaParityCheck                      
00008660  efcCheck                            
0000a660  efcGetConfigValue                   
00008794  efcSelfTest                         
000086e8  efcStuckZeroTest                    
0000aad0  enableParity                        
0000a76c  errata_PBIST_4                      
0000fd40  esmActivateNormalOperation          
0000fe24  esmClearStatus                      
0000fe70  esmClearStatusBuffer                
0000fd04  esmDisableError                     
0000fd7c  esmDisableInterrupt                 
0000fcd8  esmEnableError                      
0000fd50  esmEnableInterrupt                  
0000ff70  esmEnterSelfTest                    
0000fcbc  esmError                            
00010048  esmGetConfigValue                   
0000feac  esmGetStatus                        
0000ff38  esmGetStatusBuffer                  
000122ec  esmGroup1Notification               
000122fc  esmGroup2Notification               
00011ee0  esmHighInterrupt                    
0000fbb4  esmInit                             
0000fff8  esmSelfTestStatus                   
0000fe8c  esmSetCounterPreloadValue           
0000fda8  esmSetInterruptLevel                
0000fd30  esmTriggerErrorPinReset             
000128ad  exit                                
00012995  feraiseexcept                       
0000a2c4  fmcBus1ParityCheck                  
0000885c  fmcBus2Check                        
00008898  fmcECCcheck                         
00012a2b  frexp                               
00010984  gioDisableNotification              
0001091c  gioEnableNotification               
00010884  gioGetBit                           
000109ec  gioGetConfigValue                   
000108ac  gioGetPort                          
00010724  gioInit                             
00012380  gioNotification                     
00010814  gioSetBit                           
000107f4  gioSetDirection                     
00010864  gioSetPort                          
000108c4  gioToggleBit                        
00008f58  het1ParityCheck                     
000090c0  het2ParityCheck                     
00009004  htu1ParityCheck                     
000091bc  htu2ParityCheck                     
0001285d  ldexp                               
0001276b  ltoa                                
080031d0  mailBox                             
0000f130  main                                
0000be98  mapClocks                           
00012a4f  memccpy                             
00012483  memcpy                              
00008174  memoryInit                          
0001230c  memoryPort0TestFailNotification     
00012328  memoryPort1TestFailNotification     
000125bd  memset                              
00009684  mibspi1ParityCheck                  
0000978c  mibspi3ParityCheck                  
000098b0  mibspi5ParityCheck                  
0000f57c  muxInit                             
0000a3ec  pbistFail                           
0000a470  pbistGetConfigValue                 
000085a8  pbistIsTestCompleted                
000085d4  pbistIsTestPassed                   
00008608  pbistPortTestStatus                 
000084ac  pbistRun                            
000082cc  pbistSelfCheck                      
00008578  pbistStop                           
0000be44  periphInit                          
00012acc  phantomInterrupt                    
0000f900  pinmuxGetConfigValue                
000032a4  prvMpuDisable                       
0000328c  prvMpuEnable                        
00003274  prvMpuSetRegion                     
080031d4  pubSpeed                            
000036ac  pvPortMalloc                        
08000934  pxCurrentTCB                        
000032cc  pxPortInitialiseStack               
000129fd  raise                               
00000000  resetEntry                          
080031d8  rxIntMbox1                          
080031a0  rxMbox1                             
080031a8  rxMbox2                             
080031b0  rx_data                             
0000d928  sciDisableLoopback                  
0000d9b4  sciDisableNotification              
0000d8f4  sciEnableLoopback                   
0000d94c  sciEnableNotification               
0000da1c  sciGetConfigValue                   
0000d390  sciInit                             
0000d7a4  sciIsIdleDetected                   
0000d788  sciIsRxReady                        
0000d608  sciIsTxReady                        
00012394  sciNotification                     
0000d81c  sciReceive                          
0000d7f0  sciReceiveByte                      
0000d7c0  sciRxError                          
0000d654  sciSend                             
0000d624  sciSendByte                         
0000d584  sciSetBaudrate                      
0000d564  sciSetFunctional                    
0000db74  scilinGetConfigValue                
00008020  selftestFailNotification            
0000be04  setupFlash                          
0000bd5c  setupPLL                            
000128e1  signal                              
00012521  snprintf                            
0000c67c  sramGetConfigValue                  
0000a5bc  stcGetConfigValue                   
000081b8  stcSelfCheck                        
00008df8  stcSelfCheckFail                    
080031dc  steerSem                            
0000efdc  steerTask                           
080031e0  steerTaskTcb                        
00012a6b  strchr                              
00012a81  strlen                              
0001295d  strncpy                             
0000c0bc  systemGetConfigValue                
0000bfc0  systemInit                          
0000c08c  systemPowerDown                     
0000c4d0  tcmflashGetConfigValue              
0000bdbc  trimLPO                             
0000f0b4  uartAbsTask                         
080031e4  uartAbsTaskTcb                      
080031e8  uartAbsTxSem                        
0000f03c  uartSteerTask                       
080031ec  uartSteerTaskTcb                    
080031f0  uartSteerTxSem                      
08000964  ulCriticalNesting                   
0000319c  ulPortCountLeadingZeros             
08000968  ulTaskHasFPUContext                 
0000e688  ulTaskNotifyTake                    
00011b88  uxListRemove                        
00002970  uxQueueMessagesWaiting              
000029f4  uxQueueMessagesWaitingFromISR       
000029a8  uxQueueSpacesAvailable              
00000f60  uxTaskGetNumberOfTasks              
00001bbc  uxTaskGetStackHighWaterMark         
00000660  uxTaskPriorityGet                   
000006a4  uxTaskPriorityGetFromISR            
00001c8c  uxTaskResetEventItemValue           
000119dc  vListInitialise                     
00011a34  vListInitialiseItem                 
00011ac4  vListInsert                         
00011a50  vListInsertEnd                      
00003678  vPortEndScheduler                   
0000391c  vPortFree                           
00003a34  vPortInitialiseBlocks               
00003190  vPortInitialiseFPSCR                
00003090  vPortPreemptiveTick                 
000031a4  vPortSWI                            
00002e20  vPortStartFirstTask                 
000033e0  vPortStoreTaskMPUSettings           
00002f9c  vPortYeildWithinAPI                 
00002eb0  vPortYieldProcessor                 
00002a24  vQueueDelete                        
000018b4  vTaskAllocateMPURegions             
00000594  vTaskDelay                          
000003fc  vTaskDelayUntil                     
000002bc  vTaskDelete                         
00000d50  vTaskEndScheduler                   
00001784  vTaskMissedYield                    
0000ecdc  vTaskNotifyGiveFromISR              
00001298  vTaskPlaceOnEventList               
00001350  vTaskPlaceOnUnorderedEventList      
000006ec  vTaskPrioritySet                    
00000af0  vTaskResume                         
0000163c  vTaskSetTimeOutState                
00000cbc  vTaskStartScheduler                 
000008e4  vTaskSuspend                        
00000d6c  vTaskSuspendAll                     
000011b4  vTaskSwitchContext                  
0000de38  vimChannelMap                       
0000e034  vimDisableInterrupt                 
0000dedc  vimEnableInterrupt                  
0000e0b8  vimGetConfigValue                   
0000dd64  vimInit                             
00008e00  vimParityCheck                      
000114c4  vimParityErrorHandler               
08003130  wheelSpin                           
00003a1c  xPortGetFreeHeapSize                
00003a28  xPortGetMinimumEverFreeHeapSize     
00003654  xPortStartScheduler                 
00001e20  xQueueGenericCreate                 
00002484  xQueueGenericReceive                
00001cf8  xQueueGenericReset                  
00001f28  xQueueGenericSend                   
000021e8  xQueueGenericSendFromISR            
00002370  xQueueGiveFromISR                   
00002d40  xQueueIsQueueEmptyFromISR           
00002dcc  xQueueIsQueueFullFromISR            
0000287c  xQueuePeekFromISR                   
00002744  xQueueReceiveFromISR                
0000167c  xTaskCheckForTimeOut                
00000020  xTaskGenericCreate                  
00001c3c  xTaskGetSchedulerState              
00000f20  xTaskGetTickCount                   
00000f3c  xTaskGetTickCountFromISR            
00000f7c  xTaskIncrementTick                  
0000e95c  xTaskNotify                         
0000eb08  xTaskNotifyFromISR                  
0000e7d8  xTaskNotifyWait                     
0000144c  xTaskRemoveFromEventList            
00001538  xTaskRemoveFromUnorderedEventList   
00000d80  xTaskResumeAll                      
00000bd4  xTaskResumeFromISR                  


GLOBAL SYMBOLS: SORTED BY Symbol Address 

address   name                                
-------   ----                                
00000000  __TI_static_base__                  
00000000  resetEntry                          
00000020  xTaskGenericCreate                  
000002bc  vTaskDelete                         
000003fc  vTaskDelayUntil                     
00000594  vTaskDelay                          
00000660  uxTaskPriorityGet                   
000006a4  uxTaskPriorityGetFromISR            
000006ec  vTaskPrioritySet                    
000008e4  vTaskSuspend                        
00000af0  vTaskResume                         
00000bd4  xTaskResumeFromISR                  
00000cbc  vTaskStartScheduler                 
00000d50  vTaskEndScheduler                   
00000d6c  vTaskSuspendAll                     
00000d80  xTaskResumeAll                      
00000f20  xTaskGetTickCount                   
00000f3c  xTaskGetTickCountFromISR            
00000f60  uxTaskGetNumberOfTasks              
00000f7c  xTaskIncrementTick                  
000011b4  vTaskSwitchContext                  
00001298  vTaskPlaceOnEventList               
00001350  vTaskPlaceOnUnorderedEventList      
0000144c  xTaskRemoveFromEventList            
00001538  xTaskRemoveFromUnorderedEventList   
0000163c  vTaskSetTimeOutState                
0000167c  xTaskCheckForTimeOut                
00001784  vTaskMissedYield                    
000018b4  vTaskAllocateMPURegions             
00001bbc  uxTaskGetStackHighWaterMark         
00001c3c  xTaskGetSchedulerState              
00001c8c  uxTaskResetEventItemValue           
00001cf8  xQueueGenericReset                  
00001e20  xQueueGenericCreate                 
00001f28  xQueueGenericSend                   
000021e8  xQueueGenericSendFromISR            
00002370  xQueueGiveFromISR                   
00002484  xQueueGenericReceive                
00002744  xQueueReceiveFromISR                
0000287c  xQueuePeekFromISR                   
00002970  uxQueueMessagesWaiting              
000029a8  uxQueueSpacesAvailable              
000029f4  uxQueueMessagesWaitingFromISR       
00002a24  vQueueDelete                        
00002d40  xQueueIsQueueEmptyFromISR           
00002dcc  xQueueIsQueueFullFromISR            
00002e20  vPortStartFirstTask                 
00002eb0  vPortYieldProcessor                 
00002f9c  vPortYeildWithinAPI                 
00003090  vPortPreemptiveTick                 
00003190  vPortInitialiseFPSCR                
0000319c  ulPortCountLeadingZeros             
000031a4  vPortSWI                            
00003274  prvMpuSetRegion                     
0000328c  prvMpuEnable                        
000032a4  prvMpuDisable                       
000032cc  pxPortInitialiseStack               
000033e0  vPortStoreTaskMPUSettings           
00003654  xPortStartScheduler                 
00003678  vPortEndScheduler                   
000036ac  pvPortMalloc                        
0000391c  vPortFree                           
00003a1c  xPortGetFreeHeapSize                
00003a28  xPortGetMinimumEverFreeHeapSize     
00003a34  vPortInitialiseBlocks               
00003ab0  __TI_Handler_Table_Base             
00003abc  __TI_Handler_Table_Limit            
00003ad0  __TI_CINIT_Base                     
00003af0  __TI_CINIT_Limit                    
00008020  selftestFailNotification            
00008030  ccmSelfCheck                        
00008174  memoryInit                          
000081b8  stcSelfCheck                        
00008234  cpuSelfTest                         
000082cc  pbistSelfCheck                      
000084ac  pbistRun                            
00008578  pbistStop                           
000085a8  pbistIsTestCompleted                
000085d4  pbistIsTestPassed                   
00008608  pbistPortTestStatus                 
00008660  efcCheck                            
000086e8  efcStuckZeroTest                    
00008794  efcSelfTest                         
000087bc  checkefcSelfTest                    
0000885c  fmcBus2Check                        
00008898  fmcECCcheck                         
00008938  checkB0RAMECC                       
00008b28  checkB1RAMECC                       
00008d18  checkFlashECC                       
00008df4  custom_dabort                       
00008df8  stcSelfCheckFail                    
00008dfc  cpuSelfTestFail                     
00008e00  vimParityCheck                      
00008eac  dmaParityCheck                      
00008f58  het1ParityCheck                     
00009004  htu1ParityCheck                     
000090c0  het2ParityCheck                     
000091bc  htu2ParityCheck                     
0000926c  adc1ParityCheck                     
00009358  adc2ParityCheck                     
00009410  can1ParityCheck                     
000094e8  can2ParityCheck                     
000095b0  can3ParityCheck                     
00009684  mibspi1ParityCheck                  
0000978c  mibspi3ParityCheck                  
000098b0  mibspi5ParityCheck                  
000099d0  checkRAMECC                         
00009c18  checkClockMonitor                   
00009cf4  checkFlashEEPROMECC                 
00009e8c  checkPLL1Slip                       
00009f8c  checkPLL2Slip                       
0000a050  checkRAMAddrParity                  
0000a15c  checkRAMUERRTest                    
0000a2c4  fmcBus1ParityCheck                  
0000a3ec  pbistFail                           
0000a470  pbistGetConfigValue                 
0000a5bc  stcGetConfigValue                   
0000a660  efcGetConfigValue                   
0000a6fc  ccmr4GetConfigValue                 
0000a76c  errata_PBIST_4                      
0000aad0  enableParity                        
0000ab58  disableParity                       
0000ba57  __TI_printfi                        
0000bd5c  setupPLL                            
0000bdbc  trimLPO                             
0000be04  setupFlash                          
0000be44  periphInit                          
0000be98  mapClocks                           
0000bfc0  systemInit                          
0000c08c  systemPowerDown                     
0000c0bc  systemGetConfigValue                
0000c4d0  tcmflashGetConfigValue              
0000c67c  sramGetConfigValue                  
0000c884  canInit                             
0000c9d0  canTransmit                         
0000cacc  canGetData                          
0000cc24  canGetID                            
0000cc8c  canUpdateID                         
0000cd04  canSendRemoteFrame                  
0000cda4  canFillMessageObjectData            
0000cea0  canIsTxMessagePending               
0000cefc  canIsRxMessageArrived               
0000cf58  canIsMessageBoxValid                
0000cfb4  canGetLastError                     
0000cfd8  canGetErrorLevel                    
0000cffc  canEnableErrorNotification          
0000d01c  canEnableStatusChangeNotification   
0000d03c  canDisableStatusChangeNotification  
0000d05c  canDisableErrorNotification         
0000d07c  canEnableloopback                   
0000d0b4  canDisableloopback                  
0000d0e4  canIoSetDirection                   
0000d134  canIoSetPort                        
0000d184  canIoTxGetBit                       
0000d1a0  canIoRxGetBit                       
0000d1bc  can1GetConfigValue                  
0000d390  sciInit                             
0000d564  sciSetFunctional                    
0000d584  sciSetBaudrate                      
0000d608  sciIsTxReady                        
0000d624  sciSendByte                         
0000d654  sciSend                             
0000d788  sciIsRxReady                        
0000d7a4  sciIsIdleDetected                   
0000d7c0  sciRxError                          
0000d7f0  sciReceiveByte                      
0000d81c  sciReceive                          
0000d8f4  sciEnableLoopback                   
0000d928  sciDisableLoopback                  
0000d94c  sciEnableNotification               
0000d9b4  sciDisableNotification              
0000da1c  sciGetConfigValue                   
0000db74  scilinGetConfigValue                
0000dd64  vimInit                             
0000de38  vimChannelMap                       
0000dedc  vimEnableInterrupt                  
0000e034  vimDisableInterrupt                 
0000e0b8  vimGetConfigValue                   
0000e688  ulTaskNotifyTake                    
0000e7d8  xTaskNotifyWait                     
0000e95c  xTaskNotify                         
0000eb08  xTaskNotifyFromISR                  
0000ecdc  vTaskNotifyGiveFromISR              
0000ee44  canTask                             
0000ef80  absTask                             
0000efdc  steerTask                           
0000f03c  uartSteerTask                       
0000f0b4  uartAbsTask                         
0000f130  main                                
0000f384  canMessageNotification              
0000f3e0  calculateSteerSensitivity           
0000f420  calculateWheelSlip                  
0000f57c  muxInit                             
0000f900  pinmuxGetConfigValue                
0000fbb4  esmInit                             
0000fcbc  esmError                            
0000fcd8  esmEnableError                      
0000fd04  esmDisableError                     
0000fd30  esmTriggerErrorPinReset             
0000fd40  esmActivateNormalOperation          
0000fd50  esmEnableInterrupt                  
0000fd7c  esmDisableInterrupt                 
0000fda8  esmSetInterruptLevel                
0000fe24  esmClearStatus                      
0000fe70  esmClearStatusBuffer                
0000fe8c  esmSetCounterPreloadValue           
0000feac  esmGetStatus                        
0000ff38  esmGetStatusBuffer                  
0000ff70  esmEnterSelfTest                    
0000fff8  esmSelfTestStatus                   
00010048  esmGetConfigValue                   
0001019c  MPU_xTaskGenericCreate              
00010210  MPU_vTaskAllocateMPURegions         
00010244  MPU_vTaskDelete                     
00010270  MPU_vTaskDelayUntil                 
000102a4  MPU_vTaskDelay                      
000102d0  MPU_uxTaskPriorityGet               
00010304  MPU_vTaskPrioritySet                
00010338  MPU_vTaskSuspend                    
00010364  MPU_vTaskResume                     
00010390  MPU_vTaskSuspendAll                 
000103b4  MPU_xTaskResumeAll                  
000103e0  MPU_xTaskGetTickCount               
0001040c  MPU_uxTaskGetNumberOfTasks          
00010438  MPU_uxTaskGetStackHighWaterMark     
0001046c  MPU_xTaskGetSchedulerState          
00010498  MPU_xQueueGenericCreate             
000104e4  MPU_xQueueGenericSend               
00010538  MPU_uxQueueMessagesWaiting          
0001056c  MPU_xQueueGenericReceive            
000105c0  MPU_vQueueDelete                    
000105ec  MPU_xQueueGenericReset              
00010630  MPU_xQueuePeekFromISR               
00010674  MPU_pvPortMalloc                    
000106a8  MPU_vPortFree                       
000106d4  MPU_vPortInitialiseBlocks           
000106f8  MPU_xPortGetFreeHeapSize            
00010724  gioInit                             
000107f4  gioSetDirection                     
00010814  gioSetBit                           
00010864  gioSetPort                          
00010884  gioGetBit                           
000108ac  gioGetPort                          
000108c4  gioToggleBit                        
0001091c  gioEnableNotification               
00010984  gioDisableNotification              
000109ec  gioGetConfigValue                   
00010ba8  _coreInitRegisters_                 
00010cb4  _coreInitStackPointer_              
00010d00  _getCPSRValue_                      
00010d08  _gotoCPUIdle_                       
00010d20  _coreEnableVfp_                     
00010d40  _coreEnableEventBusExport_          
00010d58  _coreDisableEventBusExport_         
00010d70  _coreEnableRamEcc_                  
00010d88  _coreDisableRamEcc_                 
00010da0  _coreEnableFlashEcc_                
00010dbc  _coreDisableFlashEcc_               
00010dd4  _coreEnableIrqVicOffset_            
00010dec  _coreGetDataFault_                  
00010df4  _coreClearDataFault_                
00010e08  _coreGetInstructionFault_           
00010e10  _coreClearInstructionFault_         
00010e24  _coreGetDataFaultAddress_           
00010e2c  _coreClearDataFaultAddress_         
00010e40  _coreGetInstructionFaultAddress_    
00010e48  _coreClearInstructionFaultAddress_  
00010e5c  _coreGetAuxiliaryDataFault_         
00010e64  _coreClearAuxiliaryDataFault_       
00010e78  _coreGetAuxiliaryInstructionFault_  
00010e80  _coreClearAuxiliaryInstructionFault_
00010e94  _disable_interrupt_                 
00010e9c  _disable_FIQ_interrupt_             
00010ea4  _disable_IRQ_interrupt_             
00010eac  _enable_interrupt_                  
00010eb4  _esmCcmErrorsClear_                 
00010f3c  _errata_CORTEXR4_57_                
00010f54  _errata_CORTEXR4_66_                
00010f6c  __TI_PINIT_Base                     
00010f70  __TI_PINIT_Limit                    
00010f74  __aeabi_uldivmod                    
0001122c  _c_int00                            
000114c4  vimParityErrorHandler               
000119dc  vListInitialise                     
00011a34  vListInitialiseItem                 
00011a50  vListInsertEnd                      
00011ac4  vListInsert                         
00011b88  uxListRemove                        
00011dc9  _Dscale                             
00011ee0  esmHighInterrupt                    
00011ff4  _pmuInit_                           
00012048  _pmuEnableCountersGlobal_           
00012060  _pmuDisableCountersGlobal_          
00012078  _pmuResetCycleCounter_              
00012090  _pmuResetEventCounters_             
000120a8  _pmuResetCounters_                  
000120c0  _pmuStartCounters_                  
000120c8  _pmuStopCounters_                   
000120d0  _pmuSetCountEvent_                  
000120dc  _pmuGetCycleCount_                  
000120e4  _pmuGetEventCount_                  
000120f0  _pmuGetOverflow_                    
00012104  can1HighLevelInterrupt              
00012204  _dabort                             
000122ec  esmGroup1Notification               
000122fc  esmGroup2Notification               
0001230c  memoryPort0TestFailNotification     
00012328  memoryPort1TestFailNotification     
00012344  canErrorNotification                
00012358  canStatusChangeNotification         
00012380  gioNotification                     
00012394  sciNotification                     
000123a8  dmaGroupANotification               
000123bd  _Dnorm                              
00012483  __aeabi_memcpy                      
00012483  __aeabi_memcpy4                     
00012483  __aeabi_memcpy8                     
00012483  memcpy                              
00012521  snprintf                            
000125b5  __aeabi_memclr                      
000125b5  __aeabi_memclr4                     
000125b5  __aeabi_memclr8                     
000125b7  __aeabi_memset                      
000125b7  __aeabi_memset4                     
000125b7  __aeabi_memset8                     
000125bd  memset                              
00012631  __TI_auto_init                      
00012707  _Dunscale                           
0001276b  ltoa                                
000127c1  atoi                                
00012811  copy_in                             
0001285d  ldexp                               
000128a1  C$$EXIT                             
000128a5  abort                               
000128ad  exit                                
000128e1  signal                              
00012921  _Dclass                             
0001295d  strncpy                             
00012995  feraiseexcept                       
000129c9  _Feraise                            
000129fd  raise                               
00012a2b  frexp                               
00012a4f  memccpy                             
00012a6b  strchr                              
00012a81  strlen                              
00012a99  _register_unlock                    
00012a9f  _register_lock                      
00012aa7  _nop                                
00012aad  __TI_decompress_none                
00012abb  __TI_zero_init                      
00012ac7  __TI_decompress_rle24               
00012acc  phantomInterrupt                    
00012c50  _ctypes_                            
08000934  pxCurrentTCB                        
08000964  ulCriticalNesting                   
08000968  ulTaskHasFPUContext                 
080030b0  _Denorm                             
080030c0  _Eps                                
080030d0  _Hugeval                            
080030e0  _Inf                                
080030f0  _Nan                                
08003100  _Snan                               
08003110  _Rteps                              
08003120  _Xbig                               
08003128  _Zero                               
08003130  wheelSpin                           
0800315c  _lock                               
08003160  _unlock                             
08003164  __TI_cleanup_ptr                    
08003168  __TI_dtors_ptr                      
0800316c  _Fenv                               
08003170  _Tls_setup__Fenv                    
08003174  _Errno                              
080031a0  rxMbox1                             
080031a8  rxMbox2                             
080031b0  rx_data                             
080031c0  absSem                              
080031c4  absTaskTcb                          
080031c8  canIntRxSem                         
080031cc  canTaskTcb                          
080031d0  mailBox                             
080031d4  pubSpeed                            
080031d8  rxIntMbox1                          
080031dc  steerSem                            
080031e0  steerTaskTcb                        
080031e4  uartAbsTaskTcb                      
080031e8  uartAbsTxSem                        
080031ec  uartSteerTaskTcb                    
080031f0  uartSteerTxSem                      
ffffffff  __binit__                           
ffffffff  __c_args__                          
ffffffff  binit                               
UNDEFED   SHT$$INIT_ARRAY$$Base               
UNDEFED   SHT$$INIT_ARRAY$$Limit              

[394 symbols]
